ARM Linker, 4.1 [Build 894] [Evaluation]

==============================================================================

Section Cross References

    startup.o(STACK) refers (Special) to heapauxi.o(.text) for __use_two_region_memory
    startup.o(HEAP) refers (Special) to heapauxi.o(.text) for __use_two_region_memory
    startup.o(RESET) refers (Special) to heapauxi.o(.text) for __use_two_region_memory
    startup.o(RESET) refers to startup.o(STACK) for Stack_Top
    startup.o(RESET) refers to __main.o(!!!main) for __main
    startup.o(.text) refers (Special) to heapauxi.o(.text) for __use_two_region_memory
    startup.o(.text) refers to startup.o(HEAP) for Heap_Mem
    startup.o(.text) refers to startup.o(STACK) for Stack_Mem
    sl_uart.o(.text) refers to _printf_percent.o(.ARM.Collect$$_printf_percent$$00000000) for _printf_percent
    sl_uart.o(.text) refers to _printf_f.o(.ARM.Collect$$_printf_percent$$00000003) for _printf_f
    sl_uart.o(.text) refers to printf1.o(x$fpl$printf1) for _printf_fp_dec
    sl_uart.o(.text) refers to dflt_noclz.o(x$fpl$dflt) for __aeabi_i2d
    sl_uart.o(.text) refers to dmul.o(x$fpl$dmul) for __aeabi_dmul
    sl_uart.o(.text) refers to ddiv.o(x$fpl$ddiv) for __aeabi_ddiv
    sl_uart.o(.text) refers to d2f.o(x$fpl$d2f) for __aeabi_d2f
    sl_uart.o(.text) refers to faddsub_noclz.o(x$fpl$fadd) for __aeabi_fadd
    sl_uart.o(.text) refers to fdiv.o(x$fpl$fdiv) for __aeabi_fdiv
    sl_uart.o(.text) refers to f2d.o(x$fpl$f2d) for __aeabi_f2d
    sl_uart.o(.text) refers to noretval__2snprintf.o(.text) for __2snprintf
    sl_uart.o(.text) refers to sl_uart.o(.data) for adc_voltage
    __2snprintf.o(.text) refers to _printf_char_common.o(.text) for _printf_char_common
    __2snprintf.o(.text) refers to _sputc.o(.text) for _sputc
    __2snprintf.o(.text) refers to _snputc.o(.text) for _snputc
    noretval__2snprintf.o(.text) refers to _printf_char_common.o(.text) for _printf_char_common
    noretval__2snprintf.o(.text) refers to _sputc.o(.text) for _sputc
    noretval__2snprintf.o(.text) refers to _snputc.o(.text) for _snputc
    __printf.o(.text) refers to __printf.o(i.__ARM_common_call_via_r1) for __ARM_common_call_via_r1
    __printf.o(.text) refers to _printf_percent.o(.ARM.Collect$$_printf_percent$$00000000) for _printf_percent
    __printf.o(.text) refers to __printf.o(i.__ARM_common_call_via_r2) for __ARM_common_call_via_r2
    __printf_flags.o(.text) refers to __printf.o(i.__ARM_common_call_via_r1) for __ARM_common_call_via_r1
    __printf_flags.o(.text) refers to _printf_percent.o(.ARM.Collect$$_printf_percent$$00000000) for _printf_percent
    __printf_flags.o(.text) refers to __printf.o(i.__ARM_common_call_via_r2) for __ARM_common_call_via_r2
    __printf_flags.o(.text) refers to __printf_flags.o(.constdata) for .constdata
    __printf_ss.o(.text) refers to __printf.o(i.__ARM_common_call_via_r1) for __ARM_common_call_via_r1
    __printf_ss.o(.text) refers to _printf_percent.o(.ARM.Collect$$_printf_percent$$00000000) for _printf_percent
    __printf_ss.o(.text) refers to __printf.o(i.__ARM_common_call_via_r2) for __ARM_common_call_via_r2
    __printf_flags_ss.o(.text) refers to __printf.o(i.__ARM_common_call_via_r1) for __ARM_common_call_via_r1
    __printf_flags_ss.o(.text) refers to _printf_percent.o(.ARM.Collect$$_printf_percent$$00000000) for _printf_percent
    __printf_flags_ss.o(.text) refers to __printf.o(i.__ARM_common_call_via_r2) for __ARM_common_call_via_r2
    __printf_flags_ss.o(.text) refers to __printf_flags_ss.o(.constdata) for .constdata
    __printf_wp.o(.text) refers to __printf.o(i.__ARM_common_call_via_r1) for __ARM_common_call_via_r1
    __printf_wp.o(.text) refers to __printf_wp.o(i._is_digit) for _is_digit
    __printf_wp.o(.text) refers to _printf_percent.o(.ARM.Collect$$_printf_percent$$00000000) for _printf_percent
    __printf_wp.o(.text) refers to __printf.o(i.__ARM_common_call_via_r2) for __ARM_common_call_via_r2
    __printf_flags_wp.o(.text) refers to __printf.o(i.__ARM_common_call_via_r1) for __ARM_common_call_via_r1
    __printf_flags_wp.o(.text) refers to __printf_wp.o(i._is_digit) for _is_digit
    __printf_flags_wp.o(.text) refers to _printf_percent.o(.ARM.Collect$$_printf_percent$$00000000) for _printf_percent
    __printf_flags_wp.o(.text) refers to __printf.o(i.__ARM_common_call_via_r2) for __ARM_common_call_via_r2
    __printf_flags_wp.o(.text) refers to __printf_flags_wp.o(.constdata) for .constdata
    __printf_ss_wp.o(.text) refers to __printf.o(i.__ARM_common_call_via_r1) for __ARM_common_call_via_r1
    __printf_ss_wp.o(.text) refers to __printf_wp.o(i._is_digit) for _is_digit
    __printf_ss_wp.o(.text) refers to _printf_percent.o(.ARM.Collect$$_printf_percent$$00000000) for _printf_percent
    __printf_ss_wp.o(.text) refers to __printf.o(i.__ARM_common_call_via_r2) for __ARM_common_call_via_r2
    __printf_flags_ss_wp.o(.text) refers to __printf.o(i.__ARM_common_call_via_r1) for __ARM_common_call_via_r1
    __printf_flags_ss_wp.o(.text) refers to __printf_wp.o(i._is_digit) for _is_digit
    __printf_flags_ss_wp.o(.text) refers to _printf_percent.o(.ARM.Collect$$_printf_percent$$00000000) for _printf_percent
    __printf_flags_ss_wp.o(.text) refers to __printf.o(i.__ARM_common_call_via_r2) for __ARM_common_call_via_r2
    __printf_flags_ss_wp.o(.text) refers to __printf_flags_ss_wp.o(.constdata) for .constdata
    _printf_f.o(.ARM.Collect$$_printf_percent$$00000003) refers (Weak) to printf1.o(x$fpl$printf1) for _printf_fp_dec
    _printf_percent.o(.ARM.Collect$$_printf_percent$$00000000) refers (Special) to _printf_percent_end.o(.ARM.Collect$$_printf_percent$$00000017) for _printf_percent_end
    __main.o(!!!main) refers to rtentry.o(.ARM.Collect$$rtentry$$00000000) for __rt_entry
    d2f.o(x$fpl$d2f) refers (Special) to usenofp.o(x$fpl$usenofp) for __I$use$fp
    d2f.o(x$fpl$d2f) refers to fretinf.o(x$fpl$fretinf) for __fpl_fretinf
    d2f.o(x$fpl$d2f) refers to dnaninf.o(x$fpl$dnaninf) for __fpl_dnaninf
    ddiv.o(x$fpl$drdiv) refers (Special) to usenofp.o(x$fpl$usenofp) for __I$use$fp
    ddiv.o(x$fpl$drdiv) refers to ddiv.o(x$fpl$ddiv) for ddiv_entry
    ddiv.o(x$fpl$ddiv) refers (Special) to usenofp.o(x$fpl$usenofp) for __I$use$fp
    ddiv.o(x$fpl$ddiv) refers to dretinf.o(x$fpl$dretinf) for __fpl_dretinf
    ddiv.o(x$fpl$ddiv) refers to dnaninf.o(x$fpl$dnaninf) for __fpl_dnaninf
    dflt_noclz.o(x$fpl$dfltu) refers (Special) to usenofp.o(x$fpl$usenofp) for __I$use$fp
    dflt_noclz.o(x$fpl$dfltu) refers to dflt_noclz.o(x$fpl$dflt) for __dflt_normalise
    dflt_noclz.o(x$fpl$dflt) refers (Special) to usenofp.o(x$fpl$usenofp) for __I$use$fp
    dmul.o(x$fpl$dmul) refers (Special) to usenofp.o(x$fpl$usenofp) for __I$use$fp
    dmul.o(x$fpl$dmul) refers to dretinf.o(x$fpl$dretinf) for __fpl_dretinf
    dmul.o(x$fpl$dmul) refers to dnaninf.o(x$fpl$dnaninf) for __fpl_dnaninf
    f2d.o(x$fpl$f2d) refers (Special) to usenofp.o(x$fpl$usenofp) for __I$use$fp
    f2d.o(x$fpl$f2d) refers to fnaninf.o(x$fpl$fnaninf) for __fpl_fnaninf
    f2d.o(x$fpl$f2d) refers to dretinf.o(x$fpl$dretinf) for __fpl_dretinf
    faddsub_noclz.o(x$fpl$fadd) refers (Special) to usenofp.o(x$fpl$usenofp) for __I$use$fp
    faddsub_noclz.o(x$fpl$fadd) refers to faddsub_noclz.o(x$fpl$fsub) for _fsub1
    faddsub_noclz.o(x$fpl$fadd) refers to fretinf.o(x$fpl$fretinf) for __fpl_fretinf
    faddsub_noclz.o(x$fpl$fadd) refers to fnaninf.o(x$fpl$fnaninf) for __fpl_fnaninf
    faddsub_noclz.o(x$fpl$frsb) refers (Special) to usenofp.o(x$fpl$usenofp) for __I$use$fp
    faddsub_noclz.o(x$fpl$frsb) refers to faddsub_noclz.o(x$fpl$fadd) for _fadd1
    faddsub_noclz.o(x$fpl$frsb) refers to faddsub_noclz.o(x$fpl$fsub) for _fsub1
    faddsub_noclz.o(x$fpl$fsub) refers (Special) to usenofp.o(x$fpl$usenofp) for __I$use$fp
    faddsub_noclz.o(x$fpl$fsub) refers to faddsub_noclz.o(x$fpl$fadd) for _fadd1
    faddsub_noclz.o(x$fpl$fsub) refers to fnaninf.o(x$fpl$fnaninf) for __fpl_fnaninf
    fdiv.o(x$fpl$frdiv) refers (Special) to usenofp.o(x$fpl$usenofp) for __I$use$fp
    fdiv.o(x$fpl$frdiv) refers to fdiv.o(x$fpl$fdiv) for _fdiv1
    fdiv.o(x$fpl$fdiv) refers (Special) to usenofp.o(x$fpl$usenofp) for __I$use$fp
    fdiv.o(x$fpl$fdiv) refers to fretinf.o(x$fpl$fretinf) for __fpl_fretinf
    fdiv.o(x$fpl$fdiv) refers to fnaninf.o(x$fpl$fnaninf) for __fpl_fnaninf
    printf1.o(x$fpl$printf1) refers to _printf_fp_dec.o(.text) for _printf_fp_dec_real
    rtentry.o(.ARM.Collect$$rtentry$$00000000) refers (Special) to rtentry2.o(.ARM.Collect$$rtentry$$0000000A) for __rt_entry_li
    rtentry.o(.ARM.Collect$$rtentry$$00000000) refers (Special) to rtentry2.o(.ARM.Collect$$rtentry$$0000000D) for __rt_entry_main
    rtentry.o(.ARM.Collect$$rtentry$$00000000) refers (Special) to rtentry2.o(.ARM.Collect$$rtentry$$0000000C) for __rt_entry_postli_1
    rtentry.o(.ARM.Collect$$rtentry$$00000000) refers (Special) to rtentry2.o(.ARM.Collect$$rtentry$$00000009) for __rt_entry_postsh_1
    rtentry.o(.ARM.Collect$$rtentry$$00000000) refers (Special) to rtentry2.o(.ARM.Collect$$rtentry$$00000002) for __rt_entry_presh_1
    rtentry.o(.ARM.Collect$$rtentry$$00000000) refers (Special) to rtentry4.o(.ARM.Collect$$rtentry$$00000004) for __rt_entry_sh
    _printf_fp_dec.o(.text) refers (Special) to usenofp.o(x$fpl$usenofp) for __I$use$fp
    _printf_fp_dec.o(.text) refers (Special) to lc_numeric_c.o(locale$$code) for _get_lc_numeric
    _printf_fp_dec.o(.text) refers to istatus.o(x$fpl$ieeestatus) for __ieee_status
    _printf_fp_dec.o(.text) refers to bigflt0.o(.text) for _btod_etento
    _printf_fp_dec.o(.text) refers to btod.o(CL$$btod_d2e) for _btod_d2e
    _printf_fp_dec.o(.text) refers to btod.o(CL$$btod_ediv) for _btod_ediv
    _printf_fp_dec.o(.text) refers to btod.o(CL$$btod_emul) for _btod_emul
    _printf_fp_dec.o(.text) refers to lludiv10.o(.text) for _ll_udiv10
    _printf_fp_dec.o(.text) refers to fpclassify.o(i.__ARM_fpclassify) for __ARM_fpclassify
    _printf_fp_dec.o(.text) refers to _printf_fp_infnan.o(.text) for _printf_fp_infnan
    _printf_fp_dec.o(.text) refers to rtudiv10.o(.text) for __rt_udiv10
    _printf_fp_dec.o(.text) refers to __printf.o(i.__ARM_common_call_via_r2) for __ARM_common_call_via_r2
    _printf_fp_dec.o(.text) refers to rt_locale_intlibspace.o(.text) for __rt_locale
    _printf_char_common.o(.text) refers to __printf_wp.o(.text) for __printf
    dnaninf.o(x$fpl$dnaninf) refers (Special) to usenofp.o(x$fpl$usenofp) for __I$use$fp
    dretinf.o(x$fpl$dretinf) refers (Special) to usenofp.o(x$fpl$usenofp) for __I$use$fp
    fnaninf.o(x$fpl$fnaninf) refers (Special) to usenofp.o(x$fpl$usenofp) for __I$use$fp
    fretinf.o(x$fpl$fretinf) refers (Special) to usenofp.o(x$fpl$usenofp) for __I$use$fp
    rtentry2.o(.ARM.Collect$$rtentry$$00000008) refers to boardinit2.o(.text) for _platform_post_stackheap_init
    rtentry2.o(.ARM.Collect$$rtentry$$0000000A) refers to libinit.o(.ARM.Collect$$libinit$$00000000) for __rt_lib_init
    rtentry2.o(.ARM.Collect$$rtentry$$0000000B) refers to boardinit3.o(.text) for _platform_post_lib_init
    rtentry2.o(.ARM.Collect$$rtentry$$0000000D) refers to exit.o(.text) for exit
    rtentry2.o(.ARM.Collect$$rtentry$$0000000D) refers to sl_uart.o(.text) for main
    rtentry2.o(.ARM.exidx) refers to rtentry2.o(.ARM.Collect$$rtentry$$00000001) for .ARM.Collect$$rtentry$$00000001
    rtentry2.o(.ARM.exidx) refers to rtentry2.o(.ARM.Collect$$rtentry$$00000008) for .ARM.Collect$$rtentry$$00000008
    rtentry2.o(.ARM.exidx) refers to rtentry2.o(.ARM.Collect$$rtentry$$0000000A) for .ARM.Collect$$rtentry$$0000000A
    rtentry2.o(.ARM.exidx) refers to rtentry2.o(.ARM.Collect$$rtentry$$0000000B) for .ARM.Collect$$rtentry$$0000000B
    rtentry2.o(.ARM.exidx) refers to rtentry2.o(.ARM.Collect$$rtentry$$0000000D) for .ARM.Collect$$rtentry$$0000000D
    rtentry4.o(.ARM.Collect$$rtentry$$00000004) refers to sys_stackheap_outer.o(.text) for __user_setup_stackheap
    rtentry4.o(.ARM.exidx) refers to rtentry4.o(.ARM.Collect$$rtentry$$00000004) for .ARM.Collect$$rtentry$$00000004
    rt_locale.o(.text) refers to rt_locale.o(.bss) for __rt_locale_data
    rt_locale_intlibspace.o(.text) refers to libspace.o(.bss) for __libspace_start
    _printf_fp_infnan.o(.text) refers to __printf.o(i.__ARM_common_call_via_r2) for __ARM_common_call_via_r2
    __printf_nopercent.o(.text) refers to __printf_nopercent.o(i.__ARM_common_call_via_r7) for __ARM_common_call_via_r7
    __printf_nopercent.o(.text) refers to __printf_nopercent.o(i.__ARM_common_call_via_r5) for __ARM_common_call_via_r5
    bigflt0.o(.text) refers (Special) to usenofp.o(x$fpl$usenofp) for __I$use$fp
    bigflt0.o(.text) refers to aeabi_sdiv.o(.text) for __aeabi_idivmod
    bigflt0.o(.text) refers to btod.o(CL$$btod_emul) for _btod_emul
    bigflt0.o(.text) refers to btod.o(CL$$btod_ediv) for _btod_ediv
    bigflt0.o(.text) refers to bigflt0.o(.constdata) for .constdata
    bigflt0.o(.constdata) refers (Special) to usenofp.o(x$fpl$usenofp) for __I$use$fp
    btod.o(CL$$btod_d2e) refers (Special) to usenofp.o(x$fpl$usenofp) for __I$use$fp
    btod.o(CL$$btod_d2e) refers to btod.o(CL$$btod_d2e_norm_op1) for _d2e_norm_op1
    btod.o(CL$$btod_d2e_norm_op1) refers (Special) to usenofp.o(x$fpl$usenofp) for __I$use$fp
    btod.o(CL$$btod_d2e_norm_op1) refers to btod.o(CL$$btod_d2e_denorm_low) for _d2e_denorm_low
    btod.o(CL$$btod_d2e_denorm_low) refers (Special) to usenofp.o(x$fpl$usenofp) for __I$use$fp
    btod.o(CL$$btod_emul) refers (Special) to usenofp.o(x$fpl$usenofp) for __I$use$fp
    btod.o(CL$$btod_emul) refers to btod.o(CL$$btod_mult_common) for __btod_mult_common
    btod.o(CL$$btod_emul) refers to btod.o(CL$$btod_e2e) for _e2e
    btod.o(CL$$btod_ediv) refers (Special) to usenofp.o(x$fpl$usenofp) for __I$use$fp
    btod.o(CL$$btod_ediv) refers to btod.o(CL$$btod_div_common) for __btod_div_common
    btod.o(CL$$btod_ediv) refers to btod.o(CL$$btod_e2e) for _e2e
    btod.o(CL$$btod_emuld) refers (Special) to usenofp.o(x$fpl$usenofp) for __I$use$fp
    btod.o(CL$$btod_emuld) refers to btod.o(CL$$btod_mult_common) for __btod_mult_common
    btod.o(CL$$btod_emuld) refers to btod.o(CL$$btod_e2d) for _e2d
    btod.o(CL$$btod_edivd) refers (Special) to usenofp.o(x$fpl$usenofp) for __I$use$fp
    btod.o(CL$$btod_edivd) refers to btod.o(CL$$btod_div_common) for __btod_div_common
    btod.o(CL$$btod_edivd) refers to btod.o(CL$$btod_e2d) for _e2d
    btod.o(CL$$btod_e2e) refers (Special) to usenofp.o(x$fpl$usenofp) for __I$use$fp
    btod.o(CL$$btod_e2d) refers (Special) to usenofp.o(x$fpl$usenofp) for __I$use$fp
    btod.o(CL$$btod_e2d) refers to btod.o(CL$$btod_e2e) for _e2e
    btod.o(CL$$btod_mult_common) refers (Special) to usenofp.o(x$fpl$usenofp) for __I$use$fp
    btod.o(CL$$btod_div_common) refers (Special) to usenofp.o(x$fpl$usenofp) for __I$use$fp
    lc_numeric_c.o(locale$$data) refers (Special) to libinit2.o(.ARM.Collect$$libinit$$00000012) for __rt_lib_init_lc_numeric_2
    lc_numeric_c.o(locale$$code) refers (Special) to libinit2.o(.ARM.Collect$$libinit$$00000012) for __rt_lib_init_lc_numeric_2
    lc_numeric_c.o(locale$$code) refers to strcmp.o(.text) for strcmp
    lc_numeric_c.o(locale$$code) refers to lc_numeric_c.o(locale$$data) for __lcnum_c_name
    istatus.o(x$fpl$ieeestatus) refers (Special) to usenofp.o(x$fpl$usenofp) for __I$use$fp
    fpclassify.o(i.__ARM_fpclassify) refers (Special) to usenofp.o(x$fpl$usenofp) for __I$use$fp
    libspace.o(.text) refers to libspace.o(.bss) for __libspace_start
    sys_stackheap_outer.o(.text) refers to libspace.o(.text) for __user_perproc_libspace
    sys_stackheap_outer.o(.text) refers to startup.o(.text) for __user_initial_stackheap
    exit.o(.text) refers to rtexit.o(.ARM.Collect$$rtexit$$00000000) for __rt_exit
    aeabi_sdiv.o(.text_udiv) refers to aeabi_sdiv.o(.text) for __arm_div2
    aeabi_sdiv_div0.o(.text_udiv) refers to aeabi_sdiv_div0.o(.text) for __arm_div2
    libinit.o(.ARM.Collect$$libinit$$00000000) refers (Special) to libinit2.o(.ARM.Collect$$libinit$$0000002A) for __rt_lib_init_alloca_1
    libinit.o(.ARM.Collect$$libinit$$00000000) refers (Special) to libinit2.o(.ARM.Collect$$libinit$$00000028) for __rt_lib_init_argv_1
    libinit.o(.ARM.Collect$$libinit$$00000000) refers (Special) to libinit2.o(.ARM.Collect$$libinit$$00000017) for __rt_lib_init_atexit_1
    libinit.o(.ARM.Collect$$libinit$$00000000) refers (Special) to libinit2.o(.ARM.Collect$$libinit$$0000001D) for __rt_lib_init_clock_1
    libinit.o(.ARM.Collect$$libinit$$00000000) refers (Special) to libinit2.o(.ARM.Collect$$libinit$$0000002E) for __rt_lib_init_cpp_1
    libinit.o(.ARM.Collect$$libinit$$00000000) refers (Special) to libinit2.o(.ARM.Collect$$libinit$$0000002C) for __rt_lib_init_exceptions_1
    libinit.o(.ARM.Collect$$libinit$$00000000) refers (Special) to libinit2.o(.ARM.Collect$$libinit$$0000001B) for __rt_lib_init_fp_trap_1
    libinit.o(.ARM.Collect$$libinit$$00000000) refers (Special) to libinit2.o(.ARM.Collect$$libinit$$0000001F) for __rt_lib_init_getenv_1
    libinit.o(.ARM.Collect$$libinit$$00000000) refers (Special) to libinit2.o(.ARM.Collect$$libinit$$00000006) for __rt_lib_init_heap_1
    libinit.o(.ARM.Collect$$libinit$$00000000) refers (Special) to libinit2.o(.ARM.Collect$$libinit$$0000000D) for __rt_lib_init_lc_collate_1
    libinit.o(.ARM.Collect$$libinit$$00000000) refers (Special) to libinit2.o(.ARM.Collect$$libinit$$0000000F) for __rt_lib_init_lc_ctype_1
    libinit.o(.ARM.Collect$$libinit$$00000000) refers (Special) to libinit2.o(.ARM.Collect$$libinit$$00000011) for __rt_lib_init_lc_monetary_1
    libinit.o(.ARM.Collect$$libinit$$00000000) refers (Special) to libinit2.o(.ARM.Collect$$libinit$$00000013) for __rt_lib_init_lc_numeric_1
    libinit.o(.ARM.Collect$$libinit$$00000000) refers (Special) to libinit2.o(.ARM.Collect$$libinit$$00000015) for __rt_lib_init_lc_time_1
    libinit.o(.ARM.Collect$$libinit$$00000000) refers (Special) to libinit2.o(.ARM.Collect$$libinit$$0000000A) for __rt_lib_init_rand_1
    libinit.o(.ARM.Collect$$libinit$$00000000) refers (Special) to libinit2.o(.ARM.Collect$$libinit$$0000002F) for __rt_lib_init_return
    libinit.o(.ARM.Collect$$libinit$$00000000) refers (Special) to libinit2.o(.ARM.Collect$$libinit$$00000019) for __rt_lib_init_signal_1
    libinit.o(.ARM.Collect$$libinit$$00000000) refers (Special) to libinit2.o(.ARM.Collect$$libinit$$00000021) for __rt_lib_init_stdio_1
    libinit.o(.ARM.Collect$$libinit$$00000000) refers (Special) to libinit2.o(.ARM.Collect$$libinit$$00000008) for __rt_lib_init_user_alloc_1
    libinit.o(.ARM.Collect$$libinit$$00000000) refers to fpinit.o(x$fpl$fpinit) for _fp_init
    libinit2.o(.ARM.Collect$$libinit$$0000000B) refers (Weak) to rt_locale_intlibspace.o(.text) for __rt_locale
    libinit2.o(.ARM.Collect$$libinit$$0000000C) refers to libinit2.o(.ARM.Collect$$libinit$$0000000B) for .ARM.Collect$$libinit$$0000000B
    libinit2.o(.ARM.Collect$$libinit$$0000000E) refers to libinit2.o(.ARM.Collect$$libinit$$0000000B) for .ARM.Collect$$libinit$$0000000B
    libinit2.o(.ARM.Collect$$libinit$$00000010) refers to libinit2.o(.ARM.Collect$$libinit$$0000000B) for .ARM.Collect$$libinit$$0000000B
    libinit2.o(.ARM.Collect$$libinit$$00000012) refers to libinit2.o(.ARM.Collect$$libinit$$0000000B) for .ARM.Collect$$libinit$$0000000B
    libinit2.o(.ARM.Collect$$libinit$$00000012) refers (Weak) to lc_numeric_c.o(locale$$code) for _get_lc_numeric
    libinit2.o(.ARM.Collect$$libinit$$00000014) refers to libinit2.o(.ARM.Collect$$libinit$$0000000B) for .ARM.Collect$$libinit$$0000000B
    libinit2.o(.ARM.Collect$$libinit$$00000022) refers to argv_veneer.o(.emb_text) for __ARM_argv_veneer
    libinit2.o(.ARM.Collect$$libinit$$00000023) refers to argv_veneer.o(.emb_text) for __ARM_argv_veneer
    rtexit.o(.ARM.Collect$$rtexit$$00000000) refers (Special) to rtexit2.o(.ARM.Collect$$rtexit$$00000004) for __rt_exit_exit
    rtexit.o(.ARM.Collect$$rtexit$$00000000) refers (Special) to rtexit2.o(.ARM.Collect$$rtexit$$00000003) for __rt_exit_ls
    rtexit.o(.ARM.Collect$$rtexit$$00000000) refers (Special) to rtexit2.o(.ARM.Collect$$rtexit$$00000002) for __rt_exit_prels_1
    rtexit.o(.ARM.exidx) refers (Special) to rtexit2.o(.ARM.Collect$$rtexit$$00000004) for __rt_exit_exit
    rtexit.o(.ARM.exidx) refers (Special) to rtexit2.o(.ARM.Collect$$rtexit$$00000003) for __rt_exit_ls
    rtexit.o(.ARM.exidx) refers (Special) to rtexit2.o(.ARM.Collect$$rtexit$$00000002) for __rt_exit_prels_1
    rtexit.o(.ARM.exidx) refers to rtexit.o(.ARM.Collect$$rtexit$$00000000) for .ARM.Collect$$rtexit$$00000000
    aeabi_idiv0_sigfpe.o(.text) refers to rt_div0.o(.text) for __rt_div0
    argv_veneer.o(.emb_text) refers to no_argv.o(.text) for __ARM_get_argv
    fpinit.o(x$fpl$fpinit) refers to rt_fp_status_addr_intlibspace.o(.text) for __rt_fp_status_addr
    rtexit2.o(.ARM.Collect$$rtexit$$00000003) refers to libshutdown.o(.ARM.Collect$$libshutdown$$00000000) for __rt_lib_shutdown
    rtexit2.o(.ARM.Collect$$rtexit$$00000004) refers to sys_exit.o(.text) for _sys_exit
    rtexit2.o(.ARM.exidx) refers to rtexit2.o(.ARM.Collect$$rtexit$$00000001) for .ARM.Collect$$rtexit$$00000001
    rtexit2.o(.ARM.exidx) refers to rtexit2.o(.ARM.Collect$$rtexit$$00000003) for .ARM.Collect$$rtexit$$00000003
    rtexit2.o(.ARM.exidx) refers to rtexit2.o(.ARM.Collect$$rtexit$$00000004) for .ARM.Collect$$rtexit$$00000004
    rt_div0.o(.text) refers to defsig_fpe_outer.o(.text) for __rt_SIGFPE
    rt_fp_status_addr.o(.text) refers to rt_fp_status_addr.o(.bss) for __rt_fp_status_addr_data
    rt_fp_status_addr_intlibspace.o(.text) refers to libspace.o(.bss) for __libspace_start
    _get_argv_nomalloc.o(.text) refers (Special) to hrguard.o(.text) for __heap_region$guard
    _get_argv_nomalloc.o(.text) refers to defsig_rtmem_outer.o(.text) for __rt_SIGRTMEM
    _get_argv_nomalloc.o(.text) refers to sys_command.o(.text) for _sys_command_string
    sys_command.o(.text) refers (Special) to use_no_semi.o(.text) for __I$use$semihosting
    sys_command.o(.text) refers (Special) to indicate_semi.o(.text) for __semihosting_library_function
    sys_exit.o(.text) refers (Special) to use_no_semi.o(.text) for __I$use$semihosting
    sys_exit.o(.text) refers (Special) to indicate_semi.o(.text) for __semihosting_library_function
    defsig_fpe_outer.o(.text) refers to defsig_fpe_inner.o(.text) for __rt_SIGFPE_inner
    defsig_fpe_outer.o(.text) refers to defsig_exit.o(.text) for __sig_exit
    defsig_fpe_formal.o(.text) refers to rt_raise.o(.text) for __rt_raise
    defsig_rtmem_outer.o(.text) refers to defsig_rtmem_inner.o(.text) for __rt_SIGRTMEM_inner
    defsig_rtmem_outer.o(.text) refers to defsig_exit.o(.text) for __sig_exit
    defsig_rtmem_formal.o(.text) refers to rt_raise.o(.text) for __rt_raise
    libshutdown.o(.ARM.Collect$$libshutdown$$00000000) refers (Special) to libshutdown2.o(.ARM.Collect$$libshutdown$$00000006) for __rt_lib_shutdown_fp_trap_1
    libshutdown.o(.ARM.Collect$$libshutdown$$00000000) refers (Special) to libshutdown2.o(.ARM.Collect$$libshutdown$$0000000E) for __rt_lib_shutdown_heap_1
    libshutdown.o(.ARM.Collect$$libshutdown$$00000000) refers (Special) to libshutdown2.o(.ARM.Collect$$libshutdown$$0000000F) for __rt_lib_shutdown_return
    libshutdown.o(.ARM.Collect$$libshutdown$$00000000) refers (Special) to libshutdown2.o(.ARM.Collect$$libshutdown$$00000009) for __rt_lib_shutdown_signal_1
    libshutdown.o(.ARM.Collect$$libshutdown$$00000000) refers (Special) to libshutdown2.o(.ARM.Collect$$libshutdown$$00000003) for __rt_lib_shutdown_stdio_1
    libshutdown.o(.ARM.Collect$$libshutdown$$00000000) refers (Special) to libshutdown2.o(.ARM.Collect$$libshutdown$$0000000B) for __rt_lib_shutdown_user_alloc_1
    rt_raise.o(.text) refers to __raise.o(.text) for __raise
    rt_raise.o(.text) refers to sys_exit.o(.text) for _sys_exit
    defsig_exit.o(.text) refers to sys_exit.o(.text) for _sys_exit
    defsig_fpe_inner.o(.text) refers to defsig_general.o(.text) for __default_signal_display
    defsig_rtmem_inner.o(.text) refers to defsig_general.o(.text) for __default_signal_display
    __raise.o(.text) refers to __printf.o(i.__ARM_common_call_via_r2) for __ARM_common_call_via_r2
    __raise.o(.text) refers to defsig.o(CL$$defsig) for __default_signal_handler
    defsig_general.o(.text) refers to sys_wrch.o(.text) for _ttywrch
    sys_wrch.o(.text) refers (Special) to use_no_semi.o(.text) for __I$use$semihosting
    sys_wrch.o(.text) refers (Special) to indicate_semi.o(.text) for __semihosting_library_function
    defsig.o(CL$$defsig) refers to defsig_fpe_inner.o(.text) for __rt_SIGFPE_inner
    defsig.o(CL$$defsig) refers to defsig_rtmem_inner.o(.text) for __rt_SIGRTMEM_inner
    defsig_abrt_inner.o(.text) refers to defsig_general.o(.text) for __default_signal_display
    defsig_rtred_inner.o(.text) refers to defsig_general.o(.text) for __default_signal_display
    defsig_stak_inner.o(.text) refers to defsig_general.o(.text) for __default_signal_display
    defsig_pvfn_inner.o(.text) refers to defsig_general.o(.text) for __default_signal_display
    defsig_cppl_inner.o(.text) refers to defsig_general.o(.text) for __default_signal_display
    defsig_segv_inner.o(.text) refers to defsig_general.o(.text) for __default_signal_display
    defsig_other.o(.text) refers to defsig_general.o(.text) for __default_signal_display


==============================================================================

Adding Veneers to the image

    Adding TA veneer (4 bytes, Inline) for call to '_printf_percent' from __printf_wp.o(.text).
    Adding AT veneer (8 bytes, Inline) for call to '__rt_lib_init' from rtentry2.o(.ARM.Collect$$rtentry$$0000000A).
    Adding AT veneer (8 bytes, Inline) for call to '__rt_lib_shutdown' from rtexit2.o(.ARM.Collect$$rtexit$$00000003).
    Adding TA veneer (4 bytes, Inline) for call to '__rt_exit' from exit.o(.text).
    Adding AT veneer (8 bytes, Inline) for call to '__2snprintf' from sl_uart.o(.text).
    Adding TA veneer (4 bytes, Inline) for call to '__rt_locale' from libinit2.o(.ARM.Collect$$libinit$$0000000B).
    Adding TA veneer (4 bytes, Inline) for call to '_ll_udiv10' from _printf_fp_dec.o(.text).
    Adding TA veneer (4 bytes, Inline) for call to '__rt_udiv10' from _printf_fp_dec.o(.text).
    Adding TA veneer (4 bytes, Inline) for call to '__aeabi_idivmod' from bigflt0.o(.text).
    Adding AT veneer (8 bytes, Inline) for call to '_sys_exit' from rtexit2.o(.ARM.Collect$$rtexit$$00000004).
    Adding TA veneer (4 bytes, Inline) for call to '_btod_d2e' from _printf_fp_dec.o(.text).
    Adding TA veneer (4 bytes, Inline) for call to '_btod_ediv' from _printf_fp_dec.o(.text).
    Adding TA veneer (4 bytes, Inline) for call to '_btod_emul' from _printf_fp_dec.o(.text).
    Adding AT veneer (12 bytes, Long) for call to '_printf_fp_dec_real' from printf1.o(x$fpl$printf1).
    Adding TA veneer (4 bytes, Inline) for call to '__ARM_fpclassify' from _printf_fp_dec.o(.text).
    Adding TA veneer (4 bytes, Inline) for call to '_get_lc_numeric' from libinit2.o(.ARM.Collect$$libinit$$00000012).
    Adding TA veneer (4 bytes, Inline) for call to '_fp_init' from libinit.o(.ARM.Collect$$libinit$$00000000).
    Adding TA veneer (4 bytes, Inline) for call to '__ieee_status' from _printf_fp_dec.o(.text).

18 Veneer(s) (total 96 bytes) added to the image.

==============================================================================

Image Symbol Table

    Local Symbols

    Symbol Name                              Value     Ov Type        Size  Object(Section)

    RESET                                    0x00000000   Section      272  startup.o(RESET)
    ../../angel/boardlib.s                   0x00000000   Number         0  boardinit3.o ABSOLUTE
    ../../angel/boardlib.s                   0x00000000   Number         0  boardinit2.o ABSOLUTE
    ../../angel/boardlib.s                   0x00000000   Number         0  boardinit1.o ABSOLUTE
    ../../angel/boardlib.s                   0x00000000   Number         0  boardshut.o ABSOLUTE
    ../../angel/handlers.s                   0x00000000   Number         0  __scatter_copy.o ABSOLUTE
    ../../angel/handlers.s                   0x00000000   Number         0  __scatter_zi.o ABSOLUTE
    ../../angel/kernel.s                     0x00000000   Number         0  rtentry.o ABSOLUTE
    ../../angel/kernel.s                     0x00000000   Number         0  rtexit2.o ABSOLUTE
    ../../angel/kernel.s                     0x00000000   Number         0  rtexit.o ABSOLUTE
    ../../angel/kernel.s                     0x00000000   Number         0  rtentry2.o ABSOLUTE
    ../../angel/kernel.s                     0x00000000   Number         0  rtentry4.o ABSOLUTE
    ../../angel/rt.s                         0x00000000   Number         0  rt_fp_status_addr.o ABSOLUTE
    ../../angel/rt.s                         0x00000000   Number         0  rt_raise.o ABSOLUTE
    ../../angel/rt.s                         0x00000000   Number         0  aeabi_idiv0_sigfpe.o ABSOLUTE
    ../../angel/rt.s                         0x00000000   Number         0  rt_fp_status_addr_intlibspace.o ABSOLUTE
    ../../angel/rt.s                         0x00000000   Number         0  rt_div0.o ABSOLUTE
    ../../angel/rt.s                         0x00000000   Number         0  rt_locale_intlibspace.o ABSOLUTE
    ../../angel/rt.s                         0x00000000   Number         0  rt_locale.o ABSOLUTE
    ../../angel/rt.s                         0x00000000   Number         0  aeabi_idiv0.o ABSOLUTE
    ../../angel/scatter.s                    0x00000000   Number         0  __scatter.o ABSOLUTE
    ../../angel/startup.s                    0x00000000   Number         0  __main.o ABSOLUTE
    ../../angel/sys.s                        0x00000000   Number         0  indicate_semi.o ABSOLUTE
    ../../angel/sys.s                        0x00000000   Number         0  use_no_semi.o ABSOLUTE
    ../../angel/sys.s                        0x00000000   Number         0  sys_stackheap_outer.o ABSOLUTE
    ../../angel/sys.s                        0x00000000   Number         0  libspace.o ABSOLUTE
    ../../angel/sysapp.c                     0x00000000   Number         0  sys_command.o ABSOLUTE
    ../../angel/sysapp.c                     0x00000000   Number         0  sys_exit.o ABSOLUTE
    ../../angel/sysapp.c                     0x00000000   Number         0  sys_wrch.o ABSOLUTE
    ../../armsys.c                           0x00000000   Number         0  argv_veneer.o ABSOLUTE
    ../../armsys.c                           0x00000000   Number         0  argv_veneer.o ABSOLUTE
    ../../armsys.c                           0x00000000   Number         0  _get_argv_nomalloc.o ABSOLUTE
    ../../armsys.c                           0x00000000   Number         0  no_argv.o ABSOLUTE
    ../../bigflt.c                           0x00000000   Number         0  bigflt0.o ABSOLUTE
    ../../btod.s                             0x00000000   Number         0  btod.o ABSOLUTE
    ../../d2f.s                              0x00000000   Number         0  d2f.o ABSOLUTE
    ../../ddiv.s                             0x00000000   Number         0  ddiv.o ABSOLUTE
    ../../dflt.s                             0x00000000   Number         0  dflt_noclz.o ABSOLUTE
    ../../division.s                         0x00000000   Number         0  aeabi_sdiv.o ABSOLUTE
    ../../division.s                         0x00000000   Number         0  rtudiv10.o ABSOLUTE
    ../../division.s                         0x00000000   Number         0  aeabi_sdiv_div0.o ABSOLUTE
    ../../divrt.s                            0x00000000   Number         0  divrt_7tdmi_div0.o ABSOLUTE
    ../../divrt.s                            0x00000000   Number         0  divrt_7tdmi.o ABSOLUTE
    ../../dmul.s                             0x00000000   Number         0  dmul.o ABSOLUTE
    ../../dnaninf.s                          0x00000000   Number         0  dnaninf.o ABSOLUTE
    ../../dretinf.s                          0x00000000   Number         0  dretinf.o ABSOLUTE
    ../../f2d.s                              0x00000000   Number         0  f2d.o ABSOLUTE
    ../../faddsub.s                          0x00000000   Number         0  faddsub_noclz.o ABSOLUTE
    ../../fdiv.s                             0x00000000   Number         0  fdiv.o ABSOLUTE
    ../../fnaninf.s                          0x00000000   Number         0  fnaninf.o ABSOLUTE
    ../../fpclassify.c                       0x00000000   Number         0  fpclassify.o ABSOLUTE
    ../../fpinit.s                           0x00000000   Number         0  fpinit.o ABSOLUTE
    ../../fretinf.s                          0x00000000   Number         0  fretinf.o ABSOLUTE
    ../../heapalloc.c                        0x00000000   Number         0  hrguard.o ABSOLUTE
    ../../heapaux.c                          0x00000000   Number         0  heapauxi.o ABSOLUTE
    ../../istatus.s                          0x00000000   Number         0  istatus.o ABSOLUTE
    ../../libinit.s                          0x00000000   Number         0  libshutdown2.o ABSOLUTE
    ../../libinit.s                          0x00000000   Number         0  libinit.o ABSOLUTE
    ../../libinit.s                          0x00000000   Number         0  libinit2.o ABSOLUTE
    ../../libinit.s                          0x00000000   Number         0  libshutdown.o ABSOLUTE
    ../../locale.s                           0x00000000   Number         0  lc_numeric_c.o ABSOLUTE
    ../../longlong.s                         0x00000000   Number         0  lludiv10.o ABSOLUTE
    ../../memcpset.s                         0x00000000   Number         0  strcmp.o ABSOLUTE
    ../../misc.s                             0x00000000   Number         0  printf_stubs.o ABSOLUTE
    ../../printf.c                           0x00000000   Number         0  __printf_flags_wp.o ABSOLUTE
    ../../printf.c                           0x00000000   Number         0  __printf_wp.o ABSOLUTE
    ../../printf.c                           0x00000000   Number         0  __printf_flags_ss.o ABSOLUTE
    ../../printf.c                           0x00000000   Number         0  _printf_fp_dec.o ABSOLUTE
    ../../printf.c                           0x00000000   Number         0  __printf_flags.o ABSOLUTE
    ../../printf.c                           0x00000000   Number         0  __printf.o ABSOLUTE
    ../../printf.c                           0x00000000   Number         0  noretval__2snprintf.o ABSOLUTE
    ../../printf.c                           0x00000000   Number         0  __2snprintf.o ABSOLUTE
    ../../printf.c                           0x00000000   Number         0  __printf_ss.o ABSOLUTE
    ../../printf.c                           0x00000000   Number         0  _printf_fp_infnan.o ABSOLUTE
    ../../printf.c                           0x00000000   Number         0  __printf_nopercent.o ABSOLUTE
    ../../printf.c                           0x00000000   Number         0  _printf_char_common.o ABSOLUTE
    ../../printf.c                           0x00000000   Number         0  _snputc.o ABSOLUTE
    ../../printf.c                           0x00000000   Number         0  _sputc.o ABSOLUTE
    ../../printf.c                           0x00000000   Number         0  __printf_flags_ss_wp.o ABSOLUTE
    ../../printf.c                           0x00000000   Number         0  __printf_ss_wp.o ABSOLUTE
    ../../printf1.s                          0x00000000   Number         0  printf1.o ABSOLUTE
    ../../printf_percent.s                   0x00000000   Number         0  _printf_f.o ABSOLUTE
    ../../printf_percent.s                   0x00000000   Number         0  _printf_percent.o ABSOLUTE
    ../../printf_percent.s                   0x00000000   Number         0  _printf_percent_end.o ABSOLUTE
    ../../signal.c                           0x00000000   Number         0  defsig_general.o ABSOLUTE
    ../../signal.c                           0x00000000   Number         0  defsig_rtmem_inner.o ABSOLUTE
    ../../signal.c                           0x00000000   Number         0  defsig_fpe_inner.o ABSOLUTE
    ../../signal.c                           0x00000000   Number         0  defsig_abrt_inner.o ABSOLUTE
    ../../signal.c                           0x00000000   Number         0  defsig_rtred_inner.o ABSOLUTE
    ../../signal.c                           0x00000000   Number         0  defsig_exit.o ABSOLUTE
    ../../signal.c                           0x00000000   Number         0  defsig_rtmem_formal.o ABSOLUTE
    ../../signal.c                           0x00000000   Number         0  __raise.o ABSOLUTE
    ../../signal.c                           0x00000000   Number         0  defsig_pvfn_inner.o ABSOLUTE
    ../../signal.c                           0x00000000   Number         0  defsig_other.o ABSOLUTE
    ../../signal.c                           0x00000000   Number         0  defsig_stak_inner.o ABSOLUTE
    ../../signal.c                           0x00000000   Number         0  defsig_fpe_outer.o ABSOLUTE
    ../../signal.c                           0x00000000   Number         0  defsig_fpe_formal.o ABSOLUTE
    ../../signal.c                           0x00000000   Number         0  defsig_segv_inner.o ABSOLUTE
    ../../signal.c                           0x00000000   Number         0  defsig_rtmem_outer.o ABSOLUTE
    ../../signal.c                           0x00000000   Number         0  defsig_cppl_inner.o ABSOLUTE
    ../../signal.s                           0x00000000   Number         0  defsig.o ABSOLUTE
    ../../stdlib.c                           0x00000000   Number         0  exit.o ABSOLUTE
    ../../usenofp.s                          0x00000000   Number         0  usenofp.o ABSOLUTE
    SL_UART.C                                0x00000000   Number         0  sl_uart.o ABSOLUTE
    Startup.s                                0x00000000   Number         0  startup.o ABSOLUTE
    dc.s                                     0x00000000   Number         0  dc.o ABSOLUTE
    Undef_Handler                            0x00000040   ARM Code       4  startup.o(RESET)
    SWI_Handler                              0x00000044   ARM Code       4  startup.o(RESET)
    PAbt_Handler                             0x00000048   ARM Code       4  startup.o(RESET)
    DAbt_Handler                             0x0000004c   ARM Code       4  startup.o(RESET)
    IRQ_Handler                              0x00000050   ARM Code       4  startup.o(RESET)
    FIQ_Handler                              0x00000054   ARM Code       4  startup.o(RESET)
    !!!main                                  0x00000110   Section        8  __main.o(!!!main)
    !!!scatter                               0x00000118   Section       60  __scatter.o(!!!scatter)
    !!handler_copy                           0x00000154   Section       40  __scatter_copy.o(!!handler_copy)
    !!handler_zi                             0x0000017c   Section       44  __scatter_zi.o(!!handler_zi)
    .ARM.Collect$$_printf_percent$$00000000  0x000001ac   Section        0  _printf_percent.o(.ARM.Collect$$_printf_percent$$00000000)
    .ARM.Collect$$_printf_percent$$00000003  0x000001ac   Section        8  _printf_f.o(.ARM.Collect$$_printf_percent$$00000003)
    .ARM.Collect$$_printf_percent$$00000017  0x000001b4   Section        8  _printf_percent_end.o(.ARM.Collect$$_printf_percent$$00000017)
    .ARM.Collect$$libinit$$00000000          0x000001c4   Section        6  libinit.o(.ARM.Collect$$libinit$$00000000)
    .ARM.Collect$$libinit$$00000006          0x000001ca   Section        0  libinit2.o(.ARM.Collect$$libinit$$00000006)
    .ARM.Collect$$libinit$$00000008          0x000001ca   Section        0  libinit2.o(.ARM.Collect$$libinit$$00000008)
    .ARM.Collect$$libinit$$0000000A          0x000001ca   Section        0  libinit2.o(.ARM.Collect$$libinit$$0000000A)
    .ARM.Collect$$libinit$$0000000B          0x000001ca   Section        6  libinit2.o(.ARM.Collect$$libinit$$0000000B)
    .ARM.Collect$$libinit$$0000000D          0x000001d0   Section        0  libinit2.o(.ARM.Collect$$libinit$$0000000D)
    .ARM.Collect$$libinit$$0000000F          0x000001d0   Section        0  libinit2.o(.ARM.Collect$$libinit$$0000000F)
    .ARM.Collect$$libinit$$00000011          0x000001d0   Section        0  libinit2.o(.ARM.Collect$$libinit$$00000011)
    .ARM.Collect$$libinit$$00000012          0x000001d0   Section       10  libinit2.o(.ARM.Collect$$libinit$$00000012)
    .ARM.Collect$$libinit$$00000013          0x000001da   Section        0  libinit2.o(.ARM.Collect$$libinit$$00000013)
    .ARM.Collect$$libinit$$00000015          0x000001da   Section        0  libinit2.o(.ARM.Collect$$libinit$$00000015)
    .ARM.Collect$$libinit$$00000017          0x000001da   Section        0  libinit2.o(.ARM.Collect$$libinit$$00000017)
    .ARM.Collect$$libinit$$00000019          0x000001da   Section        0  libinit2.o(.ARM.Collect$$libinit$$00000019)
    .ARM.Collect$$libinit$$0000001B          0x000001da   Section        0  libinit2.o(.ARM.Collect$$libinit$$0000001B)
    .ARM.Collect$$libinit$$0000001D          0x000001da   Section        0  libinit2.o(.ARM.Collect$$libinit$$0000001D)
    .ARM.Collect$$libinit$$0000001F          0x000001da   Section        0  libinit2.o(.ARM.Collect$$libinit$$0000001F)
    .ARM.Collect$$libinit$$00000021          0x000001da   Section        0  libinit2.o(.ARM.Collect$$libinit$$00000021)
    .ARM.Collect$$libinit$$00000028          0x000001da   Section        0  libinit2.o(.ARM.Collect$$libinit$$00000028)
    .ARM.Collect$$libinit$$0000002A          0x000001da   Section        0  libinit2.o(.ARM.Collect$$libinit$$0000002A)
    .ARM.Collect$$libinit$$0000002C          0x000001da   Section        0  libinit2.o(.ARM.Collect$$libinit$$0000002C)
    .ARM.Collect$$libinit$$0000002E          0x000001da   Section        0  libinit2.o(.ARM.Collect$$libinit$$0000002E)
    .ARM.Collect$$libinit$$0000002F          0x000001da   Section       12  libinit2.o(.ARM.Collect$$libinit$$0000002F)
    .ARM.Collect$$libshutdown$$00000000      0x000001f0   Section        4  libshutdown.o(.ARM.Collect$$libshutdown$$00000000)
    .ARM.Collect$$libshutdown$$00000003      0x000001f4   Section        0  libshutdown2.o(.ARM.Collect$$libshutdown$$00000003)
    .ARM.Collect$$libshutdown$$00000006      0x000001f4   Section        0  libshutdown2.o(.ARM.Collect$$libshutdown$$00000006)
    .ARM.Collect$$libshutdown$$00000009      0x000001f4   Section        0  libshutdown2.o(.ARM.Collect$$libshutdown$$00000009)
    .ARM.Collect$$libshutdown$$0000000B      0x000001f4   Section        0  libshutdown2.o(.ARM.Collect$$libshutdown$$0000000B)
    .ARM.Collect$$libshutdown$$0000000E      0x000001f4   Section        0  libshutdown2.o(.ARM.Collect$$libshutdown$$0000000E)
    .ARM.Collect$$libshutdown$$0000000F      0x000001f4   Section        6  libshutdown2.o(.ARM.Collect$$libshutdown$$0000000F)
    .ARM.Collect$$rtentry$$00000000          0x000001fc   Section        0  rtentry.o(.ARM.Collect$$rtentry$$00000000)
    .ARM.Collect$$rtentry$$00000002          0x000001fc   Section        0  rtentry2.o(.ARM.Collect$$rtentry$$00000002)
    .ARM.Collect$$rtentry$$00000004          0x000001fc   Section        8  rtentry4.o(.ARM.Collect$$rtentry$$00000004)
    .ARM.Collect$$rtentry$$00000009          0x00000204   Section        0  rtentry2.o(.ARM.Collect$$rtentry$$00000009)
    .ARM.Collect$$rtentry$$0000000A          0x00000204   Section        4  rtentry2.o(.ARM.Collect$$rtentry$$0000000A)
    .ARM.Collect$$rtentry$$0000000C          0x00000208   Section        0  rtentry2.o(.ARM.Collect$$rtentry$$0000000C)
    .ARM.Collect$$rtentry$$0000000D          0x00000208   Section       40  rtentry2.o(.ARM.Collect$$rtentry$$0000000D)
    .ARM.Collect$$rtexit$$00000000           0x00000234   Section        4  rtexit.o(.ARM.Collect$$rtexit$$00000000)
    .ARM.Collect$$rtexit$$00000002           0x00000238   Section        0  rtexit2.o(.ARM.Collect$$rtexit$$00000002)
    .ARM.Collect$$rtexit$$00000003           0x00000238   Section        4  rtexit2.o(.ARM.Collect$$rtexit$$00000003)
    .ARM.Collect$$rtexit$$00000004           0x0000023c   Section        8  rtexit2.o(.ARM.Collect$$rtexit$$00000004)
    .text                                    0x00000244   Section       32  startup.o(.text)
    .text                                    0x00000264   Section        0  sl_uart.o(.text)
    .text                                    0x00000520   Section        0  noretval__2snprintf.o(.text)
    .text                                    0x00000558   Section        0  __printf_wp.o(.text)
    .text                                    0x00000678   Section        0  heapauxi.o(.text)
    .text                                    0x00000680   Section        0  _printf_fp_dec.o(.text)
    _fp_digits                               0x00000683   Thumb Code   414  _printf_fp_dec.o(.text)
    .text                                    0x00000aa0   Section        0  _printf_char_common.o(.text)
    _printf_input_char                       0x00000aa1   Thumb Code    10  _printf_char_common.o(.text)
    .text                                    0x00000ad0   Section        0  _sputc.o(.text)
    .text                                    0x00000ada   Section        0  _snputc.o(.text)
    .text                                    0x00000af0   Section       12  rt_locale_intlibspace.o(.text)
    .text                                    0x00000b00   Section      160  lludiv10.o(.text)
    .text                                    0x00000ba0   Section        0  _printf_fp_infnan.o(.text)
    .text                                    0x00000c30   Section        0  bigflt0.o(.text)
    .text                                    0x00000d0c   Section       44  rtudiv10.o(.text)
    .text                                    0x00000d38   Section       12  libspace.o(.text)
    .text                                    0x00000d44   Section       96  sys_stackheap_outer.o(.text)
    .text                                    0x00000da4   Section        0  exit.o(.text)
    .text                                    0x00000db0   Section      160  strcmp.o(.text)
    .text                                    0x00000e54   Section      384  aeabi_sdiv.o(.text)
    __arm_div8                               0x00000e80   ARM Code       0  aeabi_sdiv.o(.text)
    __arm_div5                               0x00000ea4   ARM Code       0  aeabi_sdiv.o(.text)
    __arm_div2                               0x00000ec8   ARM Code       0  aeabi_sdiv.o(.text)
    __arm_div_large                          0x00000f04   ARM Code       0  aeabi_sdiv.o(.text)
    .text                                    0x00000fd4   Section       12  rt_fp_status_addr_intlibspace.o(.text)
    .text                                    0x00000fe8   Section        0  sys_exit.o(.text)
    .text                                    0x00000ff4   Section        4  use_no_semi.o(.text)
    .text                                    0x00000ff8   Section        0  indicate_semi.o(.text)
    CL$$btod_d2e                             0x00000ffc   Section       56  btod.o(CL$$btod_d2e)
    CL$$btod_d2e_denorm_low                  0x00001034   Section       84  btod.o(CL$$btod_d2e_denorm_low)
    CL$$btod_d2e_norm_op1                    0x00001088   Section      104  btod.o(CL$$btod_d2e_norm_op1)
    CL$$btod_div_common                      0x000010f0   Section      844  btod.o(CL$$btod_div_common)
    CL$$btod_e2e                             0x0000143c   Section      220  btod.o(CL$$btod_e2e)
    CL$$btod_ediv                            0x0000151c   Section       52  btod.o(CL$$btod_ediv)
    CL$$btod_emul                            0x00001554   Section       52  btod.o(CL$$btod_emul)
    CL$$btod_mult_common                     0x00001588   Section      616  btod.o(CL$$btod_mult_common)
    i.__ARM_common_call_via_r1               0x000017fc   Section        0  __printf.o(i.__ARM_common_call_via_r1)
    i.__ARM_common_call_via_r2               0x000017fe   Section        0  __printf.o(i.__ARM_common_call_via_r2)
    i.__ARM_fpclassify                       0x00001804   Section        0  fpclassify.o(i.__ARM_fpclassify)
    i._is_digit                              0x00001834   Section        0  __printf_wp.o(i._is_digit)
    locale$$code                             0x00001848   Section       80  lc_numeric_c.o(locale$$code)
    x$fpl$d2f                                0x00001898   Section      108  d2f.o(x$fpl$d2f)
    x$fpl$ddiv                               0x00001904   Section      736  ddiv.o(x$fpl$ddiv)
    ddiv_entry                               0x0000190c   ARM Code       0  ddiv.o(x$fpl$ddiv)
    x$fpl$dflt                               0x00001be4   Section       88  dflt_noclz.o(x$fpl$dflt)
    x$fpl$dmul                               0x00001c3c   Section      384  dmul.o(x$fpl$dmul)
    x$fpl$dnaninf                            0x00001dbc   Section      192  dnaninf.o(x$fpl$dnaninf)
    x$fpl$dretinf                            0x00001e7c   Section       16  dretinf.o(x$fpl$dretinf)
    x$fpl$f2d                                0x00001e8c   Section      100  f2d.o(x$fpl$f2d)
    x$fpl$fadd                               0x00001ef0   Section      196  faddsub_noclz.o(x$fpl$fadd)
    _fadd1                                   0x00001efc   ARM Code       0  faddsub_noclz.o(x$fpl$fadd)
    x$fpl$fdiv                               0x00001fb4   Section      400  fdiv.o(x$fpl$fdiv)
    _fdiv1                                   0x00001fb4   ARM Code       0  fdiv.o(x$fpl$fdiv)
    x$fpl$fnaninf                            0x00002144   Section      168  fnaninf.o(x$fpl$fnaninf)
    x$fpl$fpinit                             0x000021f0   Section       24  fpinit.o(x$fpl$fpinit)
    x$fpl$fretinf                            0x00002208   Section       16  fretinf.o(x$fpl$fretinf)
    x$fpl$fsub                               0x00002218   Section      304  faddsub_noclz.o(x$fpl$fsub)
    _fsub1                                   0x00002224   ARM Code       0  faddsub_noclz.o(x$fpl$fsub)
    x$fpl$ieeestatus                         0x0000234c   Section        8  istatus.o(x$fpl$ieeestatus)
    x$fpl$printf1                            0x00002354   Section        4  printf1.o(x$fpl$printf1)
    .constdata                               0x00002358   Section      148  bigflt0.o(.constdata)
    x$fpl$usenofp                            0x00002358   Section        0  usenofp.o(x$fpl$usenofp)
    tenpwrs_x                                0x00002358   Data          60  bigflt0.o(.constdata)
    tenpwrs_i                                0x00002394   Data          64  bigflt0.o(.constdata)
    locale$$data                             0x0000240c   Section       28  lc_numeric_c.o(locale$$data)
    __lcnum_c_name                           0x00002410   Data           2  lc_numeric_c.o(locale$$data)
    __lcnum_c_start                          0x00002418   Data           0  lc_numeric_c.o(locale$$data)
    __lcnum_c_point                          0x00002424   Data           0  lc_numeric_c.o(locale$$data)
    __lcnum_c_thousands                      0x00002426   Data           0  lc_numeric_c.o(locale$$data)
    __lcnum_c_grouping                       0x00002427   Data           0  lc_numeric_c.o(locale$$data)
    __lcnum_c_end                            0x00002428   Data           0  lc_numeric_c.o(locale$$data)
    .data                                    0x40000000   Section       20  sl_uart.o(.data)
    .bss                                     0x40000014   Section       96  libspace.o(.bss)
    HEAP                                     0x40000078   Section        0  startup.o(HEAP)
    STACK                                    0x40000078   Section     1160  startup.o(STACK)
    Heap_Mem                                 0x40000078   Data           0  startup.o(HEAP)
    Stack_Mem                                0x40000078   Data        1024  startup.o(STACK)
    Stack_Top                                0x40000500   Data           0  startup.o(STACK)

    Global Symbols

    Symbol Name                              Value     Ov Type        Size  Object(Section)

    BuildAttributes$$THM_ISAv1$ARM_ISAv4$S$PE$A:L22$X:L11$S22$IEEE1$IW$USESV6$~STKCKD$USESV7$~SHL$OTIME$ROPI$IEEEJ$EBA8$UX$STANDARDLIB$REQ8$PRES8$EABIv2 0x00000000   Number         0  anon$$obj.o ABSOLUTE
    __ARM_use_no_argv                        0x00000000   Number         0  sl_uart.o ABSOLUTE
    _printf_flags                            0x00000000   Number         0  printf_stubs.o ABSOLUTE
    _printf_return_value                     0x00000000   Number         0  printf_stubs.o ABSOLUTE
    _printf_sizespec                         0x00000000   Number         0  printf_stubs.o ABSOLUTE
    _printf_widthprec                        0x00000000   Number         0  printf_stubs.o ABSOLUTE
    __ARM_exceptions_init                     - Undefined Weak Reference
    __alloca_initialize                       - Undefined Weak Reference
    __cpp_initialize__aeabi_                  - Undefined Weak Reference
    __cxa_finalize                            - Undefined Weak Reference
    __sigvec_lookup                           - Undefined Weak Reference
    _atexit_init                              - Undefined Weak Reference
    _call_atexit_fns                          - Undefined Weak Reference
    _clock_init                               - Undefined Weak Reference
    _fp_trap_init                             - Undefined Weak Reference
    _fp_trap_shutdown                         - Undefined Weak Reference
    _get_lc_collate                           - Undefined Weak Reference
    _get_lc_ctype                             - Undefined Weak Reference
    _get_lc_monetary                          - Undefined Weak Reference
    _get_lc_time                              - Undefined Weak Reference
    _getenv_init                              - Undefined Weak Reference
    _handle_redirection                       - Undefined Weak Reference
    _init_alloc                               - Undefined Weak Reference
    _init_user_alloc                          - Undefined Weak Reference
    _initio                                   - Undefined Weak Reference
    _printf_post_padding                      - Undefined Weak Reference
    _printf_pre_padding                       - Undefined Weak Reference
    _rand_init                                - Undefined Weak Reference
    _signal_finish                            - Undefined Weak Reference
    _signal_init                              - Undefined Weak Reference
    _terminate_alloc                          - Undefined Weak Reference
    _terminate_user_alloc                     - Undefined Weak Reference
    _terminateio                              - Undefined Weak Reference
    Reset_Handler                            0x00000058   ARM Code       0  startup.o(RESET)
    __main                                   0x00000110   ARM Code       8  __main.o(!!!main)
    __scatterload                            0x00000118   ARM Code       0  __scatter.o(!!!scatter)
    __scatterload_rt2                        0x00000118   ARM Code      52  __scatter.o(!!!scatter)
    __scatterload_null                       0x0000012c   ARM Code       0  __scatter.o(!!!scatter)
    __scatterload_copy                       0x00000154   ARM Code      40  __scatter_copy.o(!!handler_copy)
    __scatterload_zeroinit                   0x0000017c   ARM Code      44  __scatter_zi.o(!!handler_zi)
    Inline Thumb to ARM Veneer to _printf_percent 0x000001a9   Thumb Code     4  _printf_percent.o(.ARM.Collect$$_printf_percent$$00000000)
    _printf_f                                0x000001ac   ARM Code       0  _printf_f.o(.ARM.Collect$$_printf_percent$$00000003)
    _printf_percent                          0x000001ac   ARM Code       0  _printf_percent.o(.ARM.Collect$$_printf_percent$$00000000)
    _printf_percent_end                      0x000001b4   ARM Code       0  _printf_percent_end.o(.ARM.Collect$$_printf_percent$$00000017)
    Inline ARM to Thumb Veneer to __rt_lib_init 0x000001bc   ARM Code       8  libinit.o(.ARM.Collect$$libinit$$00000000)
    __rt_lib_init                            0x000001c5   Thumb Code     0  libinit.o(.ARM.Collect$$libinit$$00000000)
    __rt_lib_init_heap_1                     0x000001cb   Thumb Code     0  libinit2.o(.ARM.Collect$$libinit$$00000006)
    __rt_lib_init_lc_common                  0x000001cb   Thumb Code     0  libinit2.o(.ARM.Collect$$libinit$$0000000B)
    __rt_lib_init_rand_1                     0x000001cb   Thumb Code     0  libinit2.o(.ARM.Collect$$libinit$$0000000A)
    __rt_lib_init_user_alloc_1               0x000001cb   Thumb Code     0  libinit2.o(.ARM.Collect$$libinit$$00000008)
    __rt_lib_init_lc_collate_1               0x000001d1   Thumb Code     0  libinit2.o(.ARM.Collect$$libinit$$0000000D)
    __rt_lib_init_lc_ctype_1                 0x000001d1   Thumb Code     0  libinit2.o(.ARM.Collect$$libinit$$0000000F)
    __rt_lib_init_lc_monetary_1              0x000001d1   Thumb Code     0  libinit2.o(.ARM.Collect$$libinit$$00000011)
    __rt_lib_init_lc_numeric_2               0x000001d1   Thumb Code     0  libinit2.o(.ARM.Collect$$libinit$$00000012)
    __rt_lib_init_alloca_1                   0x000001db   Thumb Code     0  libinit2.o(.ARM.Collect$$libinit$$0000002A)
    __rt_lib_init_argv_1                     0x000001db   Thumb Code     0  libinit2.o(.ARM.Collect$$libinit$$00000028)
    __rt_lib_init_atexit_1                   0x000001db   Thumb Code     0  libinit2.o(.ARM.Collect$$libinit$$00000017)
    __rt_lib_init_clock_1                    0x000001db   Thumb Code     0  libinit2.o(.ARM.Collect$$libinit$$0000001D)
    __rt_lib_init_cpp_1                      0x000001db   Thumb Code     0  libinit2.o(.ARM.Collect$$libinit$$0000002E)
    __rt_lib_init_exceptions_1               0x000001db   Thumb Code     0  libinit2.o(.ARM.Collect$$libinit$$0000002C)
    __rt_lib_init_fp_trap_1                  0x000001db   Thumb Code     0  libinit2.o(.ARM.Collect$$libinit$$0000001B)
    __rt_lib_init_getenv_1                   0x000001db   Thumb Code     0  libinit2.o(.ARM.Collect$$libinit$$0000001F)
    __rt_lib_init_lc_numeric_1               0x000001db   Thumb Code     0  libinit2.o(.ARM.Collect$$libinit$$00000013)
    __rt_lib_init_lc_time_1                  0x000001db   Thumb Code     0  libinit2.o(.ARM.Collect$$libinit$$00000015)
    __rt_lib_init_return                     0x000001db   Thumb Code     0  libinit2.o(.ARM.Collect$$libinit$$0000002F)
    __rt_lib_init_signal_1                   0x000001db   Thumb Code     0  libinit2.o(.ARM.Collect$$libinit$$00000019)
    __rt_lib_init_stdio_1                    0x000001db   Thumb Code     0  libinit2.o(.ARM.Collect$$libinit$$00000021)
    Inline ARM to Thumb Veneer to __rt_lib_shutdown 0x000001e8   ARM Code       8  libshutdown.o(.ARM.Collect$$libshutdown$$00000000)
    __rt_lib_shutdown                        0x000001f1   Thumb Code     0  libshutdown.o(.ARM.Collect$$libshutdown$$00000000)
    __rt_lib_shutdown_fp_trap_1              0x000001f5   Thumb Code     0  libshutdown2.o(.ARM.Collect$$libshutdown$$00000006)
    __rt_lib_shutdown_heap_1                 0x000001f5   Thumb Code     0  libshutdown2.o(.ARM.Collect$$libshutdown$$0000000E)
    __rt_lib_shutdown_return                 0x000001f5   Thumb Code     0  libshutdown2.o(.ARM.Collect$$libshutdown$$0000000F)
    __rt_lib_shutdown_signal_1               0x000001f5   Thumb Code     0  libshutdown2.o(.ARM.Collect$$libshutdown$$00000009)
    __rt_lib_shutdown_stdio_1                0x000001f5   Thumb Code     0  libshutdown2.o(.ARM.Collect$$libshutdown$$00000003)
    __rt_lib_shutdown_user_alloc_1           0x000001f5   Thumb Code     0  libshutdown2.o(.ARM.Collect$$libshutdown$$0000000B)
    __rt_entry                               0x000001fc   ARM Code       0  rtentry.o(.ARM.Collect$$rtentry$$00000000)
    __rt_entry_presh_1                       0x000001fc   ARM Code       0  rtentry2.o(.ARM.Collect$$rtentry$$00000002)
    __rt_entry_sh                            0x000001fc   ARM Code       0  rtentry4.o(.ARM.Collect$$rtentry$$00000004)
    __rt_entry_li                            0x00000204   ARM Code       0  rtentry2.o(.ARM.Collect$$rtentry$$0000000A)
    __rt_entry_postsh_1                      0x00000204   ARM Code       0  rtentry2.o(.ARM.Collect$$rtentry$$00000009)
    __rt_entry_main                          0x00000208   ARM Code       0  rtentry2.o(.ARM.Collect$$rtentry$$0000000D)
    __rt_entry_postli_1                      0x00000208   ARM Code       0  rtentry2.o(.ARM.Collect$$rtentry$$0000000C)
    Inline Thumb to ARM Veneer to __rt_exit  0x00000231   Thumb Code     4  rtexit.o(.ARM.Collect$$rtexit$$00000000)
    __rt_exit                                0x00000234   ARM Code       0  rtexit.o(.ARM.Collect$$rtexit$$00000000)
    __rt_exit_ls                             0x00000238   ARM Code       0  rtexit2.o(.ARM.Collect$$rtexit$$00000003)
    __rt_exit_prels_1                        0x00000238   ARM Code       0  rtexit2.o(.ARM.Collect$$rtexit$$00000002)
    __rt_exit_exit                           0x0000023c   ARM Code       0  rtexit2.o(.ARM.Collect$$rtexit$$00000004)
    __user_initial_stackheap                 0x00000244   ARM Code       0  startup.o(.text)
    UART_Init                                0x00000264   ARM Code      60  sl_uart.o(.text)
    UART_WriteChar                           0x000002a0   ARM Code      32  sl_uart.o(.text)
    UART_WriteString                         0x000002c0   ARM Code      40  sl_uart.o(.text)
    ADC_Init                                 0x000002e8   ARM Code      16  sl_uart.o(.text)
    delay_ms                                 0x000002f8   ARM Code      64  sl_uart.o(.text)
    ADC_Conversion                           0x00000338   ARM Code     132  sl_uart.o(.text)
    main                                     0x000003bc   ARM Code     228  sl_uart.o(.text)
    Inline ARM to Thumb Veneer to __2snprintf 0x00000518   ARM Code       8  noretval__2snprintf.o(.text)
    __2snprintf                              0x00000521   Thumb Code    50  noretval__2snprintf.o(.text)
    __printf                                 0x00000559   Thumb Code   288  __printf_wp.o(.text)
    __use_two_region_memory                  0x00000679   Thumb Code     2  heapauxi.o(.text)
    __rt_heap_escrow$2region                 0x0000067b   Thumb Code     2  heapauxi.o(.text)
    __rt_heap_expand$2region                 0x0000067d   Thumb Code     2  heapauxi.o(.text)
    __lib_sel_fp_printf                      0x00000681   Thumb Code     2  _printf_fp_dec.o(.text)
    _printf_fp_dec_real                      0x00000821   Thumb Code   626  _printf_fp_dec.o(.text)
    _printf_char_common                      0x00000aab   Thumb Code    34  _printf_char_common.o(.text)
    _sputc                                   0x00000ad1   Thumb Code    10  _sputc.o(.text)
    _snputc                                  0x00000adb   Thumb Code    16  _snputc.o(.text)
    Inline Thumb to ARM Veneer to __rt_locale 0x00000aed   Thumb Code     4  rt_locale_intlibspace.o(.text)
    __rt_locale                              0x00000af0   ARM Code      12  rt_locale_intlibspace.o(.text)
    Inline Thumb to ARM Veneer to _ll_udiv10 0x00000afd   Thumb Code     4  lludiv10.o(.text)
    _ll_udiv10                               0x00000b00   ARM Code     160  lludiv10.o(.text)
    _printf_fp_infnan                        0x00000ba1   Thumb Code   128  _printf_fp_infnan.o(.text)
    _btod_etento                             0x00000c31   Thumb Code   210  bigflt0.o(.text)
    Inline Thumb to ARM Veneer to __rt_udiv10 0x00000d09   Thumb Code     4  rtudiv10.o(.text)
    __rt_udiv10                              0x00000d0c   ARM Code      44  rtudiv10.o(.text)
    __user_libspace                          0x00000d38   ARM Code      12  libspace.o(.text)
    __user_perproc_libspace                  0x00000d38   ARM Code       0  libspace.o(.text)
    __user_perthread_libspace                0x00000d38   ARM Code       0  libspace.o(.text)
    __user_setup_stackheap                   0x00000d44   ARM Code      96  sys_stackheap_outer.o(.text)
    exit                                     0x00000da5   Thumb Code    12  exit.o(.text)
    strcmp                                   0x00000db0   ARM Code     156  strcmp.o(.text)
    Inline Thumb to ARM Veneer to __aeabi_idivmod 0x00000e51   Thumb Code     4  aeabi_sdiv.o(.text)
    __aeabi_idiv                             0x00000e54   ARM Code       0  aeabi_sdiv.o(.text)
    __aeabi_idivmod                          0x00000e54   ARM Code     384  aeabi_sdiv.o(.text)
    __rt_fp_status_addr                      0x00000fd4   ARM Code      12  rt_fp_status_addr_intlibspace.o(.text)
    Inline ARM to Thumb Veneer to _sys_exit  0x00000fe0   ARM Code       8  sys_exit.o(.text)
    _sys_exit                                0x00000fe9   Thumb Code     8  sys_exit.o(.text)
    __I$use$semihosting                      0x00000ff4   ARM Code       0  use_no_semi.o(.text)
    __use_no_semihosting_swi                 0x00000ff4   ARM Code       4  use_no_semi.o(.text)
    Inline Thumb to ARM Veneer to _btod_d2e  0x00000ff9   Thumb Code     4  btod.o(CL$$btod_d2e)
    __semihosting_library_function           0x00000ff8   ARM Code       0  indicate_semi.o(.text)
    _btod_d2e                                0x00000ffc   ARM Code      56  btod.o(CL$$btod_d2e)
    _d2e_denorm_low                          0x00001034   ARM Code      84  btod.o(CL$$btod_d2e_denorm_low)
    _d2e_norm_op1                            0x00001088   ARM Code     104  btod.o(CL$$btod_d2e_norm_op1)
    __btod_div_common                        0x000010f0   ARM Code     716  btod.o(CL$$btod_div_common)
    _e2e                                     0x0000143c   ARM Code     220  btod.o(CL$$btod_e2e)
    Inline Thumb to ARM Veneer to _btod_ediv 0x00001519   Thumb Code     4  btod.o(CL$$btod_ediv)
    _btod_ediv                               0x0000151c   ARM Code      52  btod.o(CL$$btod_ediv)
    Inline Thumb to ARM Veneer to _btod_emul 0x00001551   Thumb Code     4  btod.o(CL$$btod_emul)
    _btod_emul                               0x00001554   ARM Code      52  btod.o(CL$$btod_emul)
    __btod_mult_common                       0x00001588   ARM Code     616  btod.o(CL$$btod_mult_common)
    Long ARM to Thumb Veneer to _printf_fp_dec_real 0x000017f0   ARM Code      12  anon$$obj.o(Veneer$$Code)
    __ARM_common_call_via_r1                 0x000017fd   Thumb Code     2  __printf.o(i.__ARM_common_call_via_r1)
    __ARM_common_call_via_r2                 0x000017ff   Thumb Code     2  __printf.o(i.__ARM_common_call_via_r2)
    Inline Thumb to ARM Veneer to __ARM_fpclassify 0x00001801   Thumb Code     4  fpclassify.o(i.__ARM_fpclassify)
    __ARM_fpclassify                         0x00001804   ARM Code      48  fpclassify.o(i.__ARM_fpclassify)
    _is_digit                                0x00001835   Thumb Code    14  __printf_wp.o(i._is_digit)
    Inline Thumb to ARM Veneer to _get_lc_numeric 0x00001845   Thumb Code     4  lc_numeric_c.o(locale$$code)
    _get_lc_numeric                          0x00001848   ARM Code      80  lc_numeric_c.o(locale$$code)
    __aeabi_d2f                              0x00001898   ARM Code       0  d2f.o(x$fpl$d2f)
    _d2f                                     0x00001898   ARM Code     108  d2f.o(x$fpl$d2f)
    __aeabi_ddiv                             0x00001904   ARM Code       0  ddiv.o(x$fpl$ddiv)
    _ddiv                                    0x00001904   ARM Code     600  ddiv.o(x$fpl$ddiv)
    __aeabi_i2d                              0x00001be4   ARM Code       0  dflt_noclz.o(x$fpl$dflt)
    _dflt                                    0x00001be4   ARM Code      88  dflt_noclz.o(x$fpl$dflt)
    __dflt_normalise                         0x00001bf4   ARM Code       0  dflt_noclz.o(x$fpl$dflt)
    __aeabi_dmul                             0x00001c3c   ARM Code       0  dmul.o(x$fpl$dmul)
    _dmul                                    0x00001c3c   ARM Code     372  dmul.o(x$fpl$dmul)
    __fpl_dnaninf                            0x00001dbc   ARM Code     192  dnaninf.o(x$fpl$dnaninf)
    __fpl_dretinf                            0x00001e7c   ARM Code      16  dretinf.o(x$fpl$dretinf)
    __aeabi_f2d                              0x00001e8c   ARM Code       0  f2d.o(x$fpl$f2d)
    _f2d                                     0x00001e8c   ARM Code     100  f2d.o(x$fpl$f2d)
    __aeabi_fadd                             0x00001ef0   ARM Code       0  faddsub_noclz.o(x$fpl$fadd)
    _fadd                                    0x00001ef0   ARM Code     196  faddsub_noclz.o(x$fpl$fadd)
    __aeabi_fdiv                             0x00001fb4   ARM Code       0  fdiv.o(x$fpl$fdiv)
    _fdiv                                    0x00001fb4   ARM Code     396  fdiv.o(x$fpl$fdiv)
    __fpl_fnaninf                            0x00002144   ARM Code     168  fnaninf.o(x$fpl$fnaninf)
    Inline Thumb to ARM Veneer to _fp_init   0x000021ed   Thumb Code     4  fpinit.o(x$fpl$fpinit)
    _fp_init                                 0x000021f0   ARM Code      24  fpinit.o(x$fpl$fpinit)
    __fplib_config_pureend_doubles           0x00002200   ARM Code       0  fpinit.o(x$fpl$fpinit)
    __fpl_fretinf                            0x00002208   ARM Code      16  fretinf.o(x$fpl$fretinf)
    __aeabi_fsub                             0x00002218   ARM Code       0  faddsub_noclz.o(x$fpl$fsub)
    _fsub                                    0x00002218   ARM Code     304  faddsub_noclz.o(x$fpl$fsub)
    Inline Thumb to ARM Veneer to __ieee_status 0x00002349   Thumb Code     4  istatus.o(x$fpl$ieeestatus)
    __ieee_status                            0x0000234c   ARM Code       8  istatus.o(x$fpl$ieeestatus)
    _printf_fp_dec                           0x00002354   ARM Code       4  printf1.o(x$fpl$printf1)
    __I$use$fp                               0x00002358   ARM Code       0  usenofp.o(x$fpl$usenofp)
    Region$$Table$$Base                      0x000023ec   Number         0  anon$$obj.o(Region$$Table)
    Region$$Table$$Limit                     0x0000240c   Number         0  anon$$obj.o(Region$$Table)
    R1                                       0x40000000   Data           4  sl_uart.o(.data)
    R2                                       0x40000004   Data           4  sl_uart.o(.data)
    adc_voltage                              0x40000008   Data           4  sl_uart.o(.data)
    in_voltage                               0x4000000c   Data           4  sl_uart.o(.data)
    adc_value                                0x40000010   Data           4  sl_uart.o(.data)
    __libspace_start                         0x40000014   Data          96  libspace.o(.bss)
    __temporary_stack_top$libspace           0x40000074   Data           0  libspace.o(.bss)



==============================================================================

Memory Map of the image

  Image Entry point : 0x00000110

  Load Region LR_IROM1 (Base: 0x00000000, Size: 0x0000243c, Max: 0x00040000, ABSOLUTE)

    Execution Region ER_IROM1 (Base: 0x00000000, Size: 0x00002428, Max: 0x00040000, ABSOLUTE)

    Base Addr    Size         Type   Attr      Idx    E Section Name        Object

    0x00000000   0x00000110   Code   RO            3    RESET               startup.o
    0x00000110   0x00000008   Code   RO           79  * !!!main             c_t.l(__main.o)
    0x00000118   0x0000003c   Code   RO          357    !!!scatter          c_t.l(__scatter.o)
    0x00000154   0x00000028   Code   RO          359    !!handler_copy      c_t.l(__scatter_copy.o)
    0x0000017c   0x0000002c   Code   RO          361    !!handler_zi        c_t.l(__scatter_zi.o)
    0x000001a8   0x00000004   Ven    RO           76    .ARM.Collect$$_printf_percent$$00000000  c_t.l(_printf_percent.o)
    0x000001ac   0x00000000   Code   RO           76    .ARM.Collect$$_printf_percent$$00000000  c_t.l(_printf_percent.o)
    0x000001ac   0x00000008   Code   RO           75    .ARM.Collect$$_printf_percent$$00000003  c_t.l(_printf_f.o)
    0x000001b4   0x00000008   Code   RO          116    .ARM.Collect$$_printf_percent$$00000017  c_t.l(_printf_percent_end.o)
    0x000001bc   0x00000008   Ven    RO          220    .ARM.Collect$$libinit$$00000000  c_t.l(libinit.o)
    0x000001c4   0x00000006   Code   RO          220    .ARM.Collect$$libinit$$00000000  c_t.l(libinit.o)
    0x000001ca   0x00000000   Code   RO          223    .ARM.Collect$$libinit$$00000006  c_t.l(libinit2.o)
    0x000001ca   0x00000000   Code   RO          225    .ARM.Collect$$libinit$$00000008  c_t.l(libinit2.o)
    0x000001ca   0x00000000   Code   RO          227    .ARM.Collect$$libinit$$0000000A  c_t.l(libinit2.o)
    0x000001ca   0x00000006   Code   RO          228    .ARM.Collect$$libinit$$0000000B  c_t.l(libinit2.o)
    0x000001d0   0x00000000   Code   RO          230    .ARM.Collect$$libinit$$0000000D  c_t.l(libinit2.o)
    0x000001d0   0x00000000   Code   RO          232    .ARM.Collect$$libinit$$0000000F  c_t.l(libinit2.o)
    0x000001d0   0x00000000   Code   RO          234    .ARM.Collect$$libinit$$00000011  c_t.l(libinit2.o)
    0x000001d0   0x0000000a   Code   RO          235    .ARM.Collect$$libinit$$00000012  c_t.l(libinit2.o)
    0x000001da   0x00000000   Code   RO          236    .ARM.Collect$$libinit$$00000013  c_t.l(libinit2.o)
    0x000001da   0x00000000   Code   RO          238    .ARM.Collect$$libinit$$00000015  c_t.l(libinit2.o)
    0x000001da   0x00000000   Code   RO          240    .ARM.Collect$$libinit$$00000017  c_t.l(libinit2.o)
    0x000001da   0x00000000   Code   RO          242    .ARM.Collect$$libinit$$00000019  c_t.l(libinit2.o)
    0x000001da   0x00000000   Code   RO          244    .ARM.Collect$$libinit$$0000001B  c_t.l(libinit2.o)
    0x000001da   0x00000000   Code   RO          246    .ARM.Collect$$libinit$$0000001D  c_t.l(libinit2.o)
    0x000001da   0x00000000   Code   RO          248    .ARM.Collect$$libinit$$0000001F  c_t.l(libinit2.o)
    0x000001da   0x00000000   Code   RO          250    .ARM.Collect$$libinit$$00000021  c_t.l(libinit2.o)
    0x000001da   0x00000000   Code   RO          254    .ARM.Collect$$libinit$$00000028  c_t.l(libinit2.o)
    0x000001da   0x00000000   Code   RO          256    .ARM.Collect$$libinit$$0000002A  c_t.l(libinit2.o)
    0x000001da   0x00000000   Code   RO          258    .ARM.Collect$$libinit$$0000002C  c_t.l(libinit2.o)
    0x000001da   0x00000000   Code   RO          260    .ARM.Collect$$libinit$$0000002E  c_t.l(libinit2.o)
    0x000001da   0x0000000c   Code   RO          261    .ARM.Collect$$libinit$$0000002F  c_t.l(libinit2.o)
    0x000001e6   0x00000002   PAD
    0x000001e8   0x00000008   Ven    RO          306    .ARM.Collect$$libshutdown$$00000000  c_t.l(libshutdown.o)
    0x000001f0   0x00000004   Code   RO          306    .ARM.Collect$$libshutdown$$00000000  c_t.l(libshutdown.o)
    0x000001f4   0x00000000   Code   RO          320    .ARM.Collect$$libshutdown$$00000003  c_t.l(libshutdown2.o)
    0x000001f4   0x00000000   Code   RO          323    .ARM.Collect$$libshutdown$$00000006  c_t.l(libshutdown2.o)
    0x000001f4   0x00000000   Code   RO          326    .ARM.Collect$$libshutdown$$00000009  c_t.l(libshutdown2.o)
    0x000001f4   0x00000000   Code   RO          328    .ARM.Collect$$libshutdown$$0000000B  c_t.l(libshutdown2.o)
    0x000001f4   0x00000000   Code   RO          331    .ARM.Collect$$libshutdown$$0000000E  c_t.l(libshutdown2.o)
    0x000001f4   0x00000006   Code   RO          332    .ARM.Collect$$libshutdown$$0000000F  c_t.l(libshutdown2.o)
    0x000001fa   0x00000002   PAD
    0x000001fc   0x00000000   Code   RO          107    .ARM.Collect$$rtentry$$00000000  c_t.l(rtentry.o)
    0x000001fc   0x00000000   Code   RO          127    .ARM.Collect$$rtentry$$00000002  c_t.l(rtentry2.o)
    0x000001fc   0x00000008   Code   RO          139    .ARM.Collect$$rtentry$$00000004  c_t.l(rtentry4.o)
    0x00000204   0x00000000   Code   RO          129    .ARM.Collect$$rtentry$$00000009  c_t.l(rtentry2.o)
    0x00000204   0x00000004   Code   RO          130    .ARM.Collect$$rtentry$$0000000A  c_t.l(rtentry2.o)
    0x00000208   0x00000000   Code   RO          132    .ARM.Collect$$rtentry$$0000000C  c_t.l(rtentry2.o)
    0x00000208   0x00000028   Code   RO          133    .ARM.Collect$$rtentry$$0000000D  c_t.l(rtentry2.o)
    0x00000230   0x00000004   Ven    RO          262    .ARM.Collect$$rtexit$$00000000  c_t.l(rtexit.o)
    0x00000234   0x00000004   Code   RO          262    .ARM.Collect$$rtexit$$00000000  c_t.l(rtexit.o)
    0x00000238   0x00000000   Code   RO          273    .ARM.Collect$$rtexit$$00000002  c_t.l(rtexit2.o)
    0x00000238   0x00000004   Code   RO          274    .ARM.Collect$$rtexit$$00000003  c_t.l(rtexit2.o)
    0x0000023c   0x00000008   Code   RO          275    .ARM.Collect$$rtexit$$00000004  c_t.l(rtexit2.o)
    0x00000244   0x00000020   Code   RO            4    .text               startup.o
    0x00000264   0x000002b4   Code   RO           11    .text               sl_uart.o
    0x00000518   0x00000008   Ven    RO           47    .text               c_t.l(noretval__2snprintf.o)
    0x00000520   0x00000038   Code   RO           47    .text               c_t.l(noretval__2snprintf.o)
    0x00000558   0x00000120   Code   RO           63    .text               c_t.l(__printf_wp.o)
    0x00000678   0x00000006   Code   RO           77    .text               c_t.l(heapauxi.o)
    0x0000067e   0x00000002   PAD
    0x00000680   0x00000420   Code   RO          108    .text               c_t.l(_printf_fp_dec.o)
    0x00000aa0   0x00000030   Code   RO          110    .text               c_t.l(_printf_char_common.o)
    0x00000ad0   0x0000000a   Code   RO          112    .text               c_t.l(_sputc.o)
    0x00000ada   0x00000010   Code   RO          114    .text               c_t.l(_snputc.o)
    0x00000aea   0x00000002   PAD
    0x00000aec   0x00000004   Ven    RO          144    .text               c_t.l(rt_locale_intlibspace.o)
    0x00000af0   0x0000000c   Code   RO          144    .text               c_t.l(rt_locale_intlibspace.o)
    0x00000afc   0x00000004   Ven    RO          146    .text               c_t.l(lludiv10.o)
    0x00000b00   0x000000a0   Code   RO          146    .text               c_t.l(lludiv10.o)
    0x00000ba0   0x00000090   Code   RO          148    .text               c_t.l(_printf_fp_infnan.o)
    0x00000c30   0x000000d8   Code   RO          156    .text               c_t.l(bigflt0.o)
    0x00000d08   0x00000004   Ven    RO          184    .text               c_t.l(rtudiv10.o)
    0x00000d0c   0x0000002c   Code   RO          184    .text               c_t.l(rtudiv10.o)
    0x00000d38   0x0000000c   Code   RO          190    .text               c_t.l(libspace.o)
    0x00000d44   0x00000060   Code   RO          193    .text               c_t.l(sys_stackheap_outer.o)
    0x00000da4   0x0000000c   Code   RO          195    .text               c_t.l(exit.o)
    0x00000db0   0x000000a0   Code   RO          197    .text               c_t.l(strcmp.o)
    0x00000e50   0x00000004   Ven    RO          199    .text               c_t.l(aeabi_sdiv.o)
    0x00000e54   0x00000180   Code   RO          199    .text               c_t.l(aeabi_sdiv.o)
    0x00000fd4   0x0000000c   Code   RO          284    .text               c_t.l(rt_fp_status_addr_intlibspace.o)
    0x00000fe0   0x00000008   Ven    RO          292    .text               c_t.l(sys_exit.o)
    0x00000fe8   0x0000000c   Code   RO          292    .text               c_t.l(sys_exit.o)
    0x00000ff4   0x00000004   Code   RO          307    .text               c_t.l(use_no_semi.o)
    0x00000ff8   0x00000000   Code   RO          309    .text               c_t.l(indicate_semi.o)
    0x00000ff8   0x00000004   Ven    RO          159    CL$$btod_d2e        c_t.l(btod.o)
    0x00000ffc   0x00000038   Code   RO          159    CL$$btod_d2e        c_t.l(btod.o)
    0x00001034   0x00000054   Code   RO          161    CL$$btod_d2e_denorm_low  c_t.l(btod.o)
    0x00001088   0x00000068   Code   RO          160    CL$$btod_d2e_norm_op1  c_t.l(btod.o)
    0x000010f0   0x0000034c   Code   RO          169    CL$$btod_div_common  c_t.l(btod.o)
    0x0000143c   0x000000dc   Code   RO          166    CL$$btod_e2e        c_t.l(btod.o)
    0x00001518   0x00000004   Ven    RO          163    CL$$btod_ediv       c_t.l(btod.o)
    0x0000151c   0x00000034   Code   RO          163    CL$$btod_ediv       c_t.l(btod.o)
    0x00001550   0x00000004   Ven    RO          162    CL$$btod_emul       c_t.l(btod.o)
    0x00001554   0x00000034   Code   RO          162    CL$$btod_emul       c_t.l(btod.o)
    0x00001588   0x00000268   Code   RO          168    CL$$btod_mult_common  c_t.l(btod.o)
    0x000017f0   0x0000000c   Ven    RO          380    Veneer$$Code        anon$$obj.o
    0x000017fc   0x00000002   Code   RO           53    i.__ARM_common_call_via_r1  c_t.l(__printf.o)
    0x000017fe   0x00000002   Code   RO           51    i.__ARM_common_call_via_r2  c_t.l(__printf.o)
    0x00001800   0x00000004   Ven    RO          188    i.__ARM_fpclassify  m_ts.l(fpclassify.o)
    0x00001804   0x00000030   Code   RO          188    i.__ARM_fpclassify  m_ts.l(fpclassify.o)
    0x00001834   0x0000000e   Code   RO           65    i._is_digit         c_t.l(__printf_wp.o)
    0x00001842   0x00000002   PAD
    0x00001844   0x00000004   Ven    RO          182    locale$$code        c_t.l(lc_numeric_c.o)
    0x00001848   0x00000050   Code   RO          182    locale$$code        c_t.l(lc_numeric_c.o)
    0x00001898   0x0000006c   Code   RO           81    x$fpl$d2f           fz_ts.l(d2f.o)
    0x00001904   0x000002e0   Code   RO           84    x$fpl$ddiv          fz_ts.l(ddiv.o)
    0x00001be4   0x00000058   Code   RO           88    x$fpl$dflt          fz_ts.l(dflt_noclz.o)
    0x00001c3c   0x00000180   Code   RO           91    x$fpl$dmul          fz_ts.l(dmul.o)
    0x00001dbc   0x000000c0   Code   RO          117    x$fpl$dnaninf       fz_ts.l(dnaninf.o)
    0x00001e7c   0x00000010   Code   RO          119    x$fpl$dretinf       fz_ts.l(dretinf.o)
    0x00001e8c   0x00000064   Code   RO           93    x$fpl$f2d           fz_ts.l(f2d.o)
    0x00001ef0   0x000000c4   Code   RO           95    x$fpl$fadd          fz_ts.l(faddsub_noclz.o)
    0x00001fb4   0x00000190   Code   RO          102    x$fpl$fdiv          fz_ts.l(fdiv.o)
    0x00002144   0x000000a8   Code   RO          121    x$fpl$fnaninf       fz_ts.l(fnaninf.o)
    0x000021ec   0x00000004   Ven    RO          270    x$fpl$fpinit        fz_ts.l(fpinit.o)
    0x000021f0   0x00000018   Code   RO          270    x$fpl$fpinit        fz_ts.l(fpinit.o)
    0x00002208   0x00000010   Code   RO          123    x$fpl$fretinf       fz_ts.l(fretinf.o)
    0x00002218   0x00000130   Code   RO           97    x$fpl$fsub          fz_ts.l(faddsub_noclz.o)
    0x00002348   0x00000004   Ven    RO          186    x$fpl$ieeestatus    fz_ts.l(istatus.o)
    0x0000234c   0x00000008   Code   RO          186    x$fpl$ieeestatus    fz_ts.l(istatus.o)
    0x00002354   0x00000004   Code   RO          105    x$fpl$printf1       fz_ts.l(printf1.o)
    0x00002358   0x00000000   Code   RO          125    x$fpl$usenofp       fz_ts.l(usenofp.o)
    0x00002358   0x00000094   Data   RO          157    .constdata          c_t.l(bigflt0.o)
    0x000023ec   0x00000020   Data   RO          355    Region$$Table       anon$$obj.o
    0x0000240c   0x0000001c   Data   RO          181    locale$$data        c_t.l(lc_numeric_c.o)


    Execution Region RW_IRAM1 (Base: 0x40000000, Size: 0x00000500, Max: 0x00004000, ABSOLUTE)

    Base Addr    Size         Type   Attr      Idx    E Section Name        Object

    0x40000000   0x00000014   Data   RW           12    .data               sl_uart.o
    0x40000014   0x00000060   Zero   RW          191    .bss                c_t.l(libspace.o)
    0x40000074   0x00000004   PAD
    0x40000078   0x00000000   Zero   RW            2    HEAP                startup.o
    0x40000078   0x00000488   Zero   RW            1    STACK               startup.o


==============================================================================

Image component sizes


      Code (inc. data)   RO Data    RW Data    ZI Data      Debug   Object Name

       692        120          0         20          0       3155   sl_uart.o
       304         60          0          0       1160        420   startup.o

    ----------------------------------------------------------------------
      1008        184         32         20       1160       3575   Object Totals
        12          4         32          0          0          0   (incl. Generated)
         0          0          0          0          0          0   (incl. Padding)

    ----------------------------------------------------------------------

      Code (inc. data)   RO Data    RW Data    ZI Data      Debug   Library Member Name

         8          0          0          0          0         68   __main.o
         4          0          0          0          0        120   __printf.o
       302          0          0          0          0        152   __printf_wp.o
        60          8          0          0          0          0   __scatter.o
        40          0          0          0          0          0   __scatter_copy.o
        44          0          0          0          0          0   __scatter_zi.o
        48          4          0          0          0         96   _printf_char_common.o
         8          0          0          0          0          0   _printf_f.o
      1056         14          0          0          0        192   _printf_fp_dec.o
       144         16          0          0          0         88   _printf_fp_infnan.o
         4          0          0          0          0          0   _printf_percent.o
         8          0          0          0          0          0   _printf_percent_end.o
        16          0          0          0          0         60   _snputc.o
        10          0          0          0          0         60   _sputc.o
       388          0          0          0          0         80   aeabi_sdiv.o
       216          6        148          0          0         96   bigflt0.o
      2040        128          0          0          0        696   btod.o
        12          0          0          0          0         64   exit.o
         6          0          0          0          0        136   heapauxi.o
         0          0          0          0          0          0   indicate_semi.o
        84          8         28          0          0         92   lc_numeric_c.o
        14          0          0          0          0          0   libinit.o
        28          0          0          0          0          0   libinit2.o
        12          0          0          0          0          0   libshutdown.o
         6          0          0          0          0          0   libshutdown2.o
        12          4          0          0         96         68   libspace.o
       164          0          0          0          0         96   lludiv10.o
        64          6          0          0          0         84   noretval__2snprintf.o
        12          4          0          0          0         68   rt_fp_status_addr_intlibspace.o
        16          4          0          0          0         68   rt_locale_intlibspace.o
         0          0          0          0          0          0   rtentry.o
        44          4          0          0          0          0   rtentry2.o
         8          0          0          0          0          0   rtentry4.o
         8          0          0          0          0          0   rtexit.o
        12          0          0          0          0          0   rtexit2.o
        48          0          0          0          0         68   rtudiv10.o
       160          4          0          0          0         80   strcmp.o
        20          4          0          0          0         60   sys_exit.o
        96          0          0          0          0         80   sys_stackheap_outer.o
         4          0          0          0          0         68   use_no_semi.o
       108          4          0          0          0         92   d2f.o
       736        140          0          0          0        232   ddiv.o
        88          0          0          0          0         68   dflt_noclz.o
       384         16          0          0          0        124   dmul.o
       192          0          0          0          0        108   dnaninf.o
        16          0          0          0          0         68   dretinf.o
       100          4          0          0          0         84   f2d.o
       500          8          0          0          0        168   faddsub_noclz.o
       400         76          0          0          0         96   fdiv.o
       168          0          0          0          0        100   fnaninf.o
        28          0          0          0          0         80   fpinit.o
        16          0          0          0          0         68   fretinf.o
        12          0          0          0          0         68   istatus.o
         4          0          0          0          0         68   printf1.o
         0          0          0          0          0          0   usenofp.o
        52          0          0          0          0         68   fpclassify.o

    ----------------------------------------------------------------------
      8040        462        176          0        100       4232   Library Totals
        10          0          0          0          4          0   (incl. Padding)

    ----------------------------------------------------------------------

      Code (inc. data)   RO Data    RW Data    ZI Data      Debug   Library Name

      5226        214        176          0         96       2740   c_t.l
      2752        248          0          0          0       1424   fz_ts.l
        52          0          0          0          0         68   m_ts.l

    ----------------------------------------------------------------------
      8040        462        176          0        100       4232   Library Totals

    ----------------------------------------------------------------------

==============================================================================


      Code (inc. data)   RO Data    RW Data    ZI Data      Debug   

      9048        646        208         20       1260       5423   Grand Totals
      9048        646        208         20       1260       5423   ELF Image Totals
      9048        646        208         20          0          0   ROM Totals

==============================================================================

    Total RO  Size (Code + RO Data)                 9256 (   9.04kB)
    Total RW  Size (RW Data + ZI Data)              1280 (   1.25kB)
    Total ROM Size (Code + RO Data + RW Data)       9276 (   9.06kB)

==============================================================================

