<html>
<body>
<pre>
<h1>µVision Build Log</h1>
<h2>Project:</h2>
C:\ANBU_1\ARM\SOLAR_LDR\SL_UART.uvproj
Project File Date:  12/23/2024

<h2>Output:</h2>
Build target 'Target 1'
assembling Startup.s...
compiling SL_UART.C...
SL_UART.C(4): error:  #92: identifier-list parameters may only be used in a function definition
SL_UART.C(5): error:  #20: identifier "u8" is undefined
SL_UART.C(6): error:  #92: identifier-list parameters may only be used in a function definition
SL_UART.C(19): error:  #20: identifier "u8" is undefined
SL_UART.C(25): error:  #20: identifier "u8" is undefined
SL_UART.C(31): error:  #20: identifier "s32" is undefined
Target not created
Build target 'Target 1'
compiling SL_UART.C...
linking...
Program Size: Code=8776 RO-data=208 RW-data=20 ZI-data=1260  
"SL_UART.axf" - 0 Error(s), 0 Warning(s).
Build target 'Target 1'
linking...
Program Size: Code=9048 RO-data=208 RW-data=20 ZI-data=1260  
FromELF: creating hex file...
"SL_UART.axf" - 0 Error(s), 0 Warning(s).
